Archive member included to satisfy reference by file (symbol)

C:/devkitPro/libctru/lib\libctru.a(console.o)
                              main.o (consoleInit)
C:/devkitPro/libctru/lib\libctru.a(gfx.o)
                              C:/devkitPro/libctru/lib\libctru.a(console.o) (gfxIsWide)
C:/devkitPro/libctru/lib\libctru.a(apt.o)
                              main.o (aptMainLoop)
C:/devkitPro/libctru/lib\libctru.a(gspgpu.o)
                              C:/devkitPro/libctru/lib\libctru.a(gfx.o) (gspInit)
C:/devkitPro/libctru/lib\libctru.a(hid.o)
                              main.o (hidScanInput)
C:/devkitPro/libctru/lib\libctru.a(irrst.o)
                              C:/devkitPro/libctru/lib\libctru.a(hid.o) (irrstInit)
C:/devkitPro/libctru/lib\libctru.a(ctru_init.o)
                              C:/devkitPro/libctru/lib\libctru.a(apt.o) (__system_retAddr)
C:/devkitPro/libctru/lib\libctru.a(initArgv.o)
                              C:/devkitPro/libctru/lib\libctru.a(ctru_init.o) (__system_initArgv)
C:/devkitPro/libctru/lib\libctru.a(syscalls.o)
                              C:/devkitPro/libctru/lib\libctru.a(ctru_init.o) (__system_initSyscalls)
C:/devkitPro/libctru/lib\libctru.a(svc.o)
                              C:/devkitPro/libctru/lib\libctru.a(apt.o) (svcSleepThread)
C:/devkitPro/libctru/lib\libctru.a(stack_adjust.o)
                              C:/devkitPro/devkitARM/bin/../lib/gcc/arm-none-eabi/14.2.0/../../../../arm-none-eabi/lib/armv6k/fpu/3dsx_crt0.o (initSystem)
C:/devkitPro/libctru/lib\libctru.a(default_font.bin.o)
                              C:/devkitPro/libctru/lib\libctru.a(console.o) (default_font_bin)
C:/devkitPro/libctru/lib\libctru.a(linear.o)
                              C:/devkitPro/libctru/lib\libctru.a(gfx.o) (linearAlloc)
C:/devkitPro/libctru/lib\libctru.a(mem_pool.o)
                              C:/devkitPro/libctru/lib\libctru.a(linear.o) (MemPool::Allocate(MemChunk&, unsigned long, int))
C:/devkitPro/libctru/lib\libctru.a(vram.o)
                              C:/devkitPro/libctru/lib\libctru.a(gfx.o) (vramAlloc)
C:/devkitPro/libctru/lib\libctru.a(3dslink.o)
                              C:/devkitPro/libctru/lib\libctru.a(initArgv.o) (__3dslink_host)
C:/devkitPro/libctru/lib\libctru.a(env.o)
                              C:/devkitPro/libctru/lib\libctru.a(irrst.o) (envGetHandle)
C:/devkitPro/libctru/lib\libctru.a(os.o)
                              C:/devkitPro/libctru/lib\libctru.a(syscalls.o) (osGetTime)
C:/devkitPro/libctru/lib\libctru.a(srv.o)
                              C:/devkitPro/libctru/lib\libctru.a(apt.o) (srvInit)
C:/devkitPro/libctru/lib\libctru.a(synchronization.o)
                              C:/devkitPro/libctru/lib\libctru.a(ctru_init.o) (__sync_init)
C:/devkitPro/libctru/lib\libctru.a(thread.o)
                              C:/devkitPro/libctru/lib\libctru.a(apt.o) (threadCreate)
C:/devkitPro/libctru/lib\libctru.a(mappable.o)
                              C:/devkitPro/libctru/lib\libctru.a(apt.o) (mappableAlloc)
C:/devkitPro/libctru/lib\libctru.a(ptmsysm.o)
                              C:/devkitPro/libctru/lib\libctru.a(os.o) (ptmSysmInit)
C:/devkitPro/libctru/lib\libctru.a(srvpm.o)
                              C:/devkitPro/libctru/lib\libctru.a(srv.o) (srvPmGetSessionHandle)
C:/devkitPro/libctru/lib\libctru.a(soc_connect.o)
                              C:/devkitPro/libctru/lib\libctru.a(3dslink.o) (connect)
C:/devkitPro/libctru/lib\libctru.a(soc_socket.o)
                              C:/devkitPro/libctru/lib\libctru.a(3dslink.o) (socket)
C:/devkitPro/libctru/lib\libctru.a(rbtree_find.o)
                              C:/devkitPro/libctru/lib\libctru.a(linear.o) (rbtree_find)
C:/devkitPro/libctru/lib\libctru.a(rbtree_init.o)
                              C:/devkitPro/libctru/lib\libctru.a(linear.o) (rbtree_init)
C:/devkitPro/libctru/lib\libctru.a(rbtree_insert.o)
                              C:/devkitPro/libctru/lib\libctru.a(linear.o) (rbtree_insert)
C:/devkitPro/libctru/lib\libctru.a(rbtree_remove.o)
                              C:/devkitPro/libctru/lib\libctru.a(linear.o) (rbtree_remove)
C:/devkitPro/libctru/lib\libctru.a(rbtree_rotate.o)
                              C:/devkitPro/libctru/lib\libctru.a(rbtree_insert.o) (rbtree_rotate)
C:/devkitPro/libctru/lib\libctru.a(allocateHeaps.o)
                              C:/devkitPro/libctru/lib\libctru.a(ctru_init.o) (__system_allocateHeaps)
C:/devkitPro/libctru/lib\libctru.a(appExit.o)
                              C:/devkitPro/libctru/lib\libctru.a(stack_adjust.o) (__appExit)
C:/devkitPro/libctru/lib\libctru.a(appInit.o)
                              C:/devkitPro/libctru/lib\libctru.a(stack_adjust.o) (__appInit)
C:/devkitPro/libctru/lib\libctru.a(ctru_exit.o)
                              C:/devkitPro/libctru/lib\libctru.a(stack_adjust.o) (__libctru_exit)
C:/devkitPro/libctru/lib\libctru.a(archive_dev.o)
[...]
Memory Configuration

Name             Origin             Length             Attributes
*default*        0x00000000         0xffffffff

Linker script and memory map

                0x00000000                        __sync_synchronize = __sync_synchronize_dmb
                0x00100000                        PROVIDE (__start__ = 0x100000)
                0x00100000                        . = __start__

.text           0x00100000    0x1aa68
 *(.crt0)
 .crt0          0x00100000       0x94 C:/devkitPro/devkitARM/bin/../lib/gcc/arm-none-eabi/14.2.0/../../../../arm-none-eabi/lib/armv6k/fpu/3dsx_crt0.o
                0x00100000                _start
                0x00100008                __service_ptr
                0x0010000c                __apt_appid
                0x00100010                __heap_size
                0x00100014                __linear_heap_size
                0x00100018                __system_arglist
                0x0010001c                __system_runflags
 *(.init)
 .init          0x00100094        0xc C:/devkitPro/devkitARM/bin/../lib/gcc/arm-none-eabi/14.2.0/armv6k/fpu/crti.o
                0x00100094                _init
 .init          0x001000a0        0xc C:/devkitPro/devkitARM/bin/../lib/gcc/arm-none-eabi/14.2.0/armv6k/fpu/crtn.o
                0x001000ac                        . = ALIGN (0x4)
 *(.text)
 .text          0x001000ac      0x240 C:/devkitPro/devkitARM/bin/../lib/gcc/arm-none-eabi/14.2.0/armv6k/fpu\libgcc.a(_divsi3.o)
                0x001000ac                __divsi3
                0x001000ac                __aeabi_idiv
                0x001002cc                __aeabi_idivmod
 .text          0x001002ec        0x4 C:/devkitPro/devkitARM/bin/../lib/gcc/arm-none-eabi/14.2.0/armv6k/fpu\libgcc.a(_dvmd_tls.o)
                0x001002ec                __aeabi_idiv0
                0x001002ec                __aeabi_ldiv0
 .text          0x001002f0       0x3c C:/devkitPro/devkitARM/bin/../lib/gcc/arm-none-eabi/14.2.0/armv6k/fpu\libgcc.a(_aeabi_uldivmod.o)
                0x001002f0                __aeabi_uldivmod
 *fill*         0x0010032c       0x14 
 .text          0x00100340      0x390 C:/devkitPro/devkitARM/bin/../lib/gcc/arm-none-eabi/14.2.0/../../../../arm-none-eabi/lib/armv6k/fpu\libg.a(libc_a-strcmp.o)
                0x00100348                strcmp
 .text          0x001006d0      0x20c C:/devkitPro/devkitARM/bin/../lib/gcc/arm-none-eabi/14.2.0/armv6k/fpu\libgcc.a(_udivsi3.o)
                0x001006d0                __aeabi_uidiv
                0x001006d0                __udivsi3
                0x001008bc                __aeabi_uidivmod
 *(.text.*)
 .text.__do_global_dtors_aux
                0x001008dc       0x40 C:/devkitPro/devkitARM/bin/../lib/gcc/arm-none-eabi/14.2.0/armv6k/fpu/crtbegin.o
 .text.frame_dummy
                0x0010091c       0x2c C:/devkitPro/devkitARM/bin/../lib/gcc/arm-none-eabi/14.2.0/armv6k/fpu/crtbegin.o
 .text.init_nintendo_urls
                0x00100948       0x54 main.o
                0x00100948                init_nintendo_urls
 .text.startup.main
                0x0010099c      0x144 main.o
                0x0010099c                main
 .text.consoleHandleColorEsc
                0x00100ae0      0x45c C:/devkitPro/libctru/lib\libctru.a(console.o)
 .text.consoleColorStateShift
                0x00100f3c       0xb8 C:/devkitPro/libctru/lib\libctru.a(console.o)
 .text.consoleDrawChar
                0x00100ff4      0x1ac C:/devkitPro/libctru/lib\libctru.a(console.o)
                0x00100ff4                consoleDrawChar
 .text.consolePrintChar
                0x001011a0      0x11c C:/devkitPro/libctru/lib\libctru.a(console.o)
                0x001011a0                consolePrintChar
 .text.con_write
                0x001012bc      0x5ec C:/devkitPro/libctru/lib\libctru.a(console.o)
                0x001012bc                con_write
 .text.newRow   0x001018a8      0x124 C:/devkitPro/libctru/lib\libctru.a(console.o)
 .text.consoleInit
                0x001019cc      0x18c C:/devkitPro/libctru/lib\libctru.a(console.o)
                0x001019cc                consoleInit
 .text.gfxPresentFramebuffer
                0x00101b58       0xd0 C:/devkitPro/libctru/lib\libctru.a(gfx.o)
 .text.gfxIsWide
                0x00101c28       0x1c C:/devkitPro/libctru/lib\libctru.a(gfx.o)
                0x00101c28                gfxIsWide
 .text.gfxSetScreenFormat
                0x00101c44       0xec C:/devkitPro/libctru/lib\libctru.a(gfx.o)
                0x00101c44                gfxSetScreenFormat
 .text.gfxSetDoubleBuffering
                0x00101d30       0x10 C:/devkitPro/libctru/lib\libctru.a(gfx.o)
                0x00101d30                gfxSetDoubleBuffering
 .text.gfxInit  0x00101d40       0xd8 C:/devkitPro/libctru/lib\libctru.a(gfx.o)
                0x00101d40                gfxInit
 .text.gfxInitDefault
                0x00101e18       0x10 C:/devkitPro/libctru/lib\libctru.a(gfx.o)
                0x00101e18                gfxInitDefault
 .text.gfxExit  0x00101e28       0xb4 C:/devkitPro/libctru/lib\libctru.a(gfx.o)
                0x00101e28                gfxExit
 .text.gfxGetFramebuffer
                0x00101edc       0xa0 C:/devkitPro/libctru/lib\libctru.a(gfx.o)
                0x00101edc                gfxGetFramebuffer
 .text.gfxFlushBuffers
                0x00101f7c      0x100 C:/devkitPro/libctru/lib\libctru.a(gfx.o)
                0x00101f7c                gfxFlushBuffers
 .text.gfxSwapBuffers
                0x0010207c       0x50 C:/devkitPro/libctru/lib\libctru.a(gfx.o)
                0x0010207c                gfxSwapBuffers
 .text.gfxSwapBuffersGpu
                0x001020cc       0x50 C:/devkitPro/libctru/lib\libctru.a(gfx.o)
                0x001020cc                gfxSwapBuffersGpu
 .text.aptConvertScreenForCapture
                0x0010211c      0x1b0 C:/devkitPro/libctru/lib\libctru.a(apt.o)
 .text.aptDspSleep
                0x001022cc        0x8 C:/devkitPro/libctru/lib\libctru.a(apt.o)
                0x001022cc                aptDspSleep
 .text.aptDspWakeup
                0x001022d4        0x4 C:/devkitPro/libctru/lib\libctru.a(apt.o)
                0x001022d4                aptDspWakeup
 .text.aptDspCancel
                0x001022d8        0x4 C:/devkitPro/libctru/lib\libctru.a(apt.o)
                0x001022d8                aptDspCancel
 .text.aptSendCommand
                0x001022dc      0x158 C:/devkitPro/libctru/lib\libctru.a(apt.o)
                0x001022dc                aptSendCommand
 *fill*         0x00102434        0x4 
 .text.aptExitProcess
                0x00102438       0x44 C:/devkitPro/libctru/lib\libctru.a(apt.o)
 .text.aptExit  0x0010247c      0x380 C:/devkitPro/libctru/lib\libctru.a(apt.o)
                0x0010247c                aptExit
 .text.aptHandleSleep
                0x001027fc       0xd8 C:/devkitPro/libctru/lib\libctru.a(apt.o)
                0x001027fc                aptHandleSleep
 .text.APT_SleepIfShellClosed
                0x001028d4       0x84 C:/devkitPro/libctru/lib\libctru.a(apt.o)
                0x001028d4                APT_SleepIfShellClosed
 .text.aptSetSleepAllowed
                0x00102958       0x78 C:/devkitPro/libctru/lib\libctru.a(apt.o)
                0x00102958                aptSetSleepAllowed
 .text.APT_UnlockTransition
                0x001029d0       0x84 C:/devkitPro/libctru/lib\libctru.a(apt.o)
                0x001029d0                APT_UnlockTransition
 *fill*         0x00102a54        0x4 
 .text.aptEventHandler
                0x00102a58      0x478 C:/devkitPro/libctru/lib\libctru.a(apt.o)
 .text.APT_ReceiveParameter
                0x00102ed0       0xb0 C:/devkitPro/libctru/lib\libctru.a(apt.o)
                0x00102ed0                APT_ReceiveParameter
 .text.aptReceiveParameter.constprop.0
                0x00102f80       0xac C:/devkitPro/libctru/lib\libctru.a(apt.o)
 *fill*         0x0010302c        0x4 
 .text.aptScreenTransfer
                0x00103030      0x294 C:/devkitPro/libctru/lib\libctru.a(apt.o)
 .text.aptWaitForWakeUp.isra.0
                0x001032c4      0x2c8 C:/devkitPro/libctru/lib\libctru.a(apt.o)
 .text.aptJumpToHomeMenu
                0x0010358c       0xf4 C:/devkitPro/libctru/lib\libctru.a(apt.o)
                0x0010358c                aptJumpToHomeMenu
 .text.aptMainLoop
                0x00103680       0x48 C:/devkitPro/libctru/lib\libctru.a(apt.o)
                0x00103680                aptMainLoop
 .text.aptInit  0x001036c8      0x22c C:/devkitPro/libctru/lib\libctru.a(apt.o)
                0x001036c8                aptInit
 .text.APT_CheckNew3DS
                0x001038f4       0x7c C:/devkitPro/libctru/lib\libctru.a(apt.o)
                0x001038f4                APT_CheckNew3DS
 .text.gspHardwareInit
                0x00103970      0xc70 C:/devkitPro/libctru/lib\libctru.a(gspgpu.o)
 .text.gspInit  0x001045e0      0x248 C:/devkitPro/libctru/lib\libctru.a(gspgpu.o)
                0x001045e0                gspInit
 .text.gspExit  0x00104828       0xe4 C:/devkitPro/libctru/lib\libctru.a(gspgpu.o)
                0x00104828                gspExit
 .text.gspHasGpuRight
                0x0010490c       0x10 C:/devkitPro/libctru/lib\libctru.a(gspgpu.o)
                0x0010490c                gspHasGpuRight
 .text.gspPresentBuffer
                0x0010491c       0xa0 C:/devkitPro/libctru/lib\libctru.a(gspgpu.o)
                0x0010491c                gspPresentBuffer
 .text.gspWaitForEvent
                0x001049bc       0x44 C:/devkitPro/libctru/lib\libctru.a(gspgpu.o)
                0x001049bc                gspWaitForEvent
 .text.gxCmdQueueInterrupt
                0x00104a00        0x4 C:/devkitPro/libctru/lib\libctru.a(gspgpu.o)
                0x00104a00                gxCmdQueueInterrupt
 .text.gspEventThreadMain
                0x00104a04      0x160 C:/devkitPro/libctru/lib\libctru.a(gspgpu.o)
 .text.GSPGPU_FlushDataCache
                0x00104b64       0x50 C:/devkitPro/libctru/lib\libctru.a(gspgpu.o)
                0x00104b64                GSPGPU_FlushDataCache
 .text.GSPGPU_SetLcdForceBlack
                0x00104bb4       0x34 C:/devkitPro/libctru/lib\libctru.a(gspgpu.o)
                0x00104bb4                GSPGPU_SetLcdForceBlack
 .text.GSPGPU_AcquireRight
                0x00104be8       0x68 C:/devkitPro/libctru/lib\libctru.a(gspgpu.o)
                0x00104be8                GSPGPU_AcquireRight
 .text.GSPGPU_ReleaseRight
                0x00104c50       0x48 C:/devkitPro/libctru/lib\libctru.a(gspgpu.o)
                0x00104c50                GSPGPU_ReleaseRight
 .text.GSPGPU_ImportDisplayCaptureInfo
                0x00104c98       0x7c C:/devkitPro/libctru/lib\libctru.a(gspgpu.o)
                0x00104c98                GSPGPU_ImportDisplayCaptureInfo
 .text.GSPGPU_SaveVramSysArea
                0x00104d14       0x2c C:/devkitPro/libctru/lib\libctru.a(gspgpu.o)
                0x00104d14                GSPGPU_SaveVramSysArea
 .text.GSPGPU_RestoreVramSysArea
                0x00104d40       0x2c C:/devkitPro/libctru/lib\libctru.a(gspgpu.o)
                0x00104d40                GSPGPU_RestoreVramSysArea
 .text.hidShouldUseIrrst
                0x00104d6c       0x24 C:/devkitPro/libctru/lib\libctru.a(hid.o)
                0x00104d6c                hidShouldUseIrrst
 .text.hidInit  0x00104d90      0x18c C:/devkitPro/libctru/lib\libctru.a(hid.o)
                0x00104d90                hidInit
 .text.hidExit  0x00104f1c       0xe8 C:/devkitPro/libctru/lib\libctru.a(hid.o)
                0x00104f1c                hidExit
 .text.hidScanInput
                0x00105004      0x2a4 C:/devkitPro/libctru/lib\libctru.a(hid.o)
                0x00105004                hidScanInput
 .text.hidKeysDown
                0x001052a8       0x10 C:/devkitPro/libctru/lib\libctru.a(hid.o)
                0x001052a8                hidKeysDown
 .text.irrstInit
                0x001052b8      0x160 C:/devkitPro/libctru/lib\libctru.a(irrst.o)
                0x001052b8                irrstInit
 .text.irrstExit
                0x00105418       0xcc C:/devkitPro/libctru/lib\libctru.a(irrst.o)
                0x00105418                irrstExit
 .text.irrstScanInput
                0x001054e4       0xb4 C:/devkitPro/libctru/lib\libctru.a(irrst.o)
                0x001054e4                irrstScanInput
 .text.irrstKeysHeld
                0x00105598       0x24 C:/devkitPro/libctru/lib\libctru.a(irrst.o)
                0x00105598                irrstKeysHeld
 .text.__libctru_init
                0x001055bc       0x38 C:/devkitPro/libctru/lib\libctru.a(ctru_init.o)
                0x001055bc                __libctru_init
 .text.__system_initArgv
                0x001055f4      0x160 C:/devkitPro/libctru/lib\libctru.a(initArgv.o)
                0x001055f4                __system_initArgv
 .text.__syscall_getreent
                0x00105754       0x30 C:/devkitPro/libctru/lib\libctru.a(syscalls.o)
                0x00105754                __syscall_getreent
 .text.__syscall_lock_acquire
                0x00105784        0x4 C:/devkitPro/libctru/lib\libctru.a(syscalls.o)
                0x00105784                __syscall_lock_acquire
 .text.__syscall_lock_release
                0x00105788        0x4 C:/devkitPro/libctru/lib\libctru.a(syscalls.o)
                0x00105788                __syscall_lock_release
 .text.__syscall_lock_acquire_recursive
                0x0010578c        0x4 C:/devkitPro/libctru/lib\libctru.a(syscalls.o)
                0x0010578c                __syscall_lock_acquire_recursive
 .text.__syscall_lock_release_recursive
                0x00105790        0x4 C:/devkitPro/libctru/lib\libctru.a(syscalls.o)
                0x00105790                __syscall_lock_release_recursive
 .text.__syscall_exit
                0x00105794        0x4 C:/devkitPro/libctru/lib\libctru.a(syscalls.o)
                0x00105794                __syscall_exit
 .text.initThreadVars
                0x00105798       0x50 C:/devkitPro/libctru/lib\libctru.a(syscalls.o)
                0x00105798                initThreadVars
 .text.__system_initSyscalls
                0x001057e8       0x80 C:/devkitPro/libctru/lib\libctru.a(syscalls.o)
                0x001057e8                __system_initSyscalls
 .text.svcControlMemory
                0x00105868       0x20 C:/devkitPro/libctru/lib\libctru.a(svc.o)
                0x00105868                svcControlMemory
 .text.svcQueryMemory
                0x00105888       0x30 C:/devkitPro/libctru/lib\libctru.a(svc.o)
                0x00105888                svcQueryMemory
 .text.svcExitProcess
                0x001058b8        0x8 C:/devkitPro/libctru/lib\libctru.a(svc.o)
                0x001058b8                svcExitProcess
 .text.svcCreateThread
                0x001058c0       0x20 C:/devkitPro/libctru/lib\libctru.a(svc.o)
                0x001058c0                svcCreateThread
 .text.svcExitThread
                0x001058e0        0x8 C:/devkitPro/libctru/lib\libctru.a(svc.o)
                0x001058e0                svcExitThread
 .text.svcSleepThread
                0x001058e8        0x8 C:/devkitPro/libctru/lib\libctru.a(svc.o)
                0x001058e8                svcSleepThread
 .text.svcReleaseMutex
                0x001058f0        0x8 C:/devkitPro/libctru/lib\libctru.a(svc.o)
                0x001058f0                svcReleaseMutex
 .text.svcCreateEvent
                0x001058f8       0x14 C:/devkitPro/libctru/lib\libctru.a(svc.o)
                0x001058f8                svcCreateEvent
 .text.svcSignalEvent
                0x0010590c        0x8 C:/devkitPro/libctru/lib\libctru.a(svc.o)
                0x0010590c                svcSignalEvent
 .text.svcClearEvent
                0x00105914        0x8 C:/devkitPro/libctru/lib\libctru.a(svc.o)
                0x00105914                svcClearEvent
 .text.svcMapMemoryBlock
                0x0010591c        0x8 C:/devkitPro/libctru/lib\libctru.a(svc.o)
                0x0010591c                svcMapMemoryBlock
 .text.svcUnmapMemoryBlock
                0x00105924        0x8 C:/devkitPro/libctru/lib\libctru.a(svc.o)
                0x00105924                svcUnmapMemoryBlock
 .text.svcCreateAddressArbiter
                0x0010592c       0x14 C:/devkitPro/libctru/lib\libctru.a(svc.o)
                0x0010592c                svcCreateAddressArbiter
 .text.svcArbitrateAddressNoTimeout
                0x00105940        0x8 C:/devkitPro/libctru/lib\libctru.a(svc.o)
                0x00105940                svcArbitrateAddressNoTimeout
 .text.svcCloseHandle
                0x00105948        0x8 C:/devkitPro/libctru/lib\libctru.a(svc.o)
                0x00105948                svcCloseHandle
 .text.svcWaitSynchronization
                0x00105950        0x8 C:/devkitPro/libctru/lib\libctru.a(svc.o)
                0x00105950                svcWaitSynchronization
 .text.svcWaitSynchronizationN
                0x00105958       0x28 C:/devkitPro/libctru/lib\libctru.a(svc.o)
                0x00105958                svcWaitSynchronizationN
 .text.svcDuplicateHandle
                0x00105980       0x14 C:/devkitPro/libctru/lib\libctru.a(svc.o)
                0x00105980                svcDuplicateHandle
 .text.svcConnectToPort
                0x00105994       0x14 C:/devkitPro/libctru/lib\libctru.a(svc.o)
                0x00105994                svcConnectToPort
 .text.svcSendSyncRequest
                0x001059a8        0x8 C:/devkitPro/libctru/lib\libctru.a(svc.o)
                0x001059a8                svcSendSyncRequest
 .text.svcGetResourceLimit
                0x001059b0       0x14 C:/devkitPro/libctru/lib\libctru.a(svc.o)
                0x001059b0                svcGetResourceLimit
 .text.svcGetResourceLimitLimitValues
                0x001059c4        0x8 C:/devkitPro/libctru/lib\libctru.a(svc.o)
                0x001059c4                svcGetResourceLimitLimitValues
 .text.svcGetResourceLimitCurrentValues
                0x001059cc        0x8 C:/devkitPro/libctru/lib\libctru.a(svc.o)
                0x001059cc                svcGetResourceLimitCurrentValues
 .text.svcBreak
                0x001059d4        0x8 C:/devkitPro/libctru/lib\libctru.a(svc.o)
                0x001059d4                svcBreak
 .text.initSystem
                0x001059dc       0x50 C:/devkitPro/libctru/lib\libctru.a(stack_adjust.o)
                0x001059dc                initSystem
 .text.__ctru_exit
                0x00105a2c       0x14 C:/devkitPro/libctru/lib\libctru.a(stack_adjust.o)
                0x00105a2c                __ctru_exit
 .text._ZL21addrMapNodeComparatorPK11rbtree_nodeS1_
                0x00105a40       0x24 C:/devkitPro/libctru/lib\libctru.a(linear.o)
 .text._ZL21addrMapNodeDestructorP11rbtree_node
                0x00105a64        0x4 C:/devkitPro/libctru/lib\libctru.a(linear.o)
 .text.linearMemAlign
                0x00105a68      0x120 C:/devkitPro/libctru/lib\libctru.a(linear.o)
                0x00105a68                linearMemAlign
 .text.linearAlloc
                0x00105b88        0x8 C:/devkitPro/libctru/lib\libctru.a(linear.o)
                0x00105b88                linearAlloc
 .text.linearFree
                0x00105b90       0x5c C:/devkitPro/libctru/lib\libctru.a(linear.o)
                0x00105b90                linearFree
 .text._ZN7MemPool13CoalesceRightEP8MemBlock
                0x00105bec       0x84 C:/devkitPro/libctru/lib\libctru.a(mem_pool.o)
                0x00105bec                MemPool::CoalesceRight(MemBlock*)
 .text._ZN7MemPool8AllocateER8MemChunkmi
                0x00105c70      0x150 C:/devkitPro/libctru/lib\libctru.a(mem_pool.o)
                0x00105c70                MemPool::Allocate(MemChunk&, unsigned long, int)
 .text._ZN7MemPool10DeallocateERK8MemChunk
                0x00105dc0       0xfc C:/devkitPro/libctru/lib\libctru.a(mem_pool.o)
                0x00105dc0                MemPool::Deallocate(MemChunk const&)
 .text._ZN7MemPool12GetFreeSpaceEv
                0x00105ebc       0x30 C:/devkitPro/libctru/lib\libctru.a(mem_pool.o)
                0x00105ebc                MemPool::GetFreeSpace()
 .text._ZL21addrMapNodeComparatorPK11rbtree_nodeS1_
                0x00105eec       0x24 C:/devkitPro/libctru/lib\libctru.a(vram.o)
 .text._ZL21addrMapNodeDestructorP11rbtree_node
                0x00105f10        0x4 C:/devkitPro/libctru/lib\libctru.a(vram.o)
 .text.vramMemAlignAt
                0x00105f14      0x244 C:/devkitPro/libctru/lib\libctru.a(vram.o)
                0x00105f14                vramMemAlignAt
 .text.vramAlloc
                0x00106158        0xc C:/devkitPro/libctru/lib\libctru.a(vram.o)
                0x00106158                vramAlloc
 .text.vramFree
                0x00106164       0x90 C:/devkitPro/libctru/lib\libctru.a(vram.o)
                0x00106164                vramFree
 .text.envGetHandle
                0x001061f4       0x84 C:/devkitPro/libctru/lib\libctru.a(env.o)
                0x001061f4                envGetHandle
 .text.envDestroyHandles
                0x00106278       0x50 C:/devkitPro/libctru/lib\libctru.a(env.o)
                0x00106278                envDestroyHandles
 .text.__ctru_speedup_config
                0x001062c8       0x34 C:/devkitPro/libctru/lib\libctru.a(os.o)
                0x001062c8                __ctru_speedup_config
 .text.srvInit  0x001062fc      0x12c C:/devkitPro/libctru/lib\libctru.a(srv.o)
                0x001062fc                srvInit
 .text.srvExit  0x00106428       0x58 C:/devkitPro/libctru/lib\libctru.a(srv.o)
                0x00106428                srvExit
 .text.srvEnableNotification
                0x00106480       0x60 C:/devkitPro/libctru/lib\libctru.a(srv.o)
                0x00106480                srvEnableNotification
 .text.srvGetServiceHandleDirect
                0x001064e0       0xa0 C:/devkitPro/libctru/lib\libctru.a(srv.o)
                0x001064e0                srvGetServiceHandleDirect
 .text.srvGetServiceHandle
                0x00106580       0x38 C:/devkitPro/libctru/lib\libctru.a(srv.o)
                0x00106580                srvGetServiceHandle
 .text.srvSubscribe
                0x001065b8       0x34 C:/devkitPro/libctru/lib\libctru.a(srv.o)
                0x001065b8                srvSubscribe
 .text.srvReceiveNotification
                0x001065ec       0x60 C:/devkitPro/libctru/lib\libctru.a(srv.o)
                0x001065ec                srvReceiveNotification
 .text.srvPublishToSubscriber
                0x0010664c       0x38 C:/devkitPro/libctru/lib\libctru.a(srv.o)
                0x0010664c                srvPublishToSubscriber
 .text.__sync_init
                0x00106684        0xc C:/devkitPro/libctru/lib\libctru.a(synchronization.o)
                0x00106684                __sync_init
 .text.__sync_fini
                0x00106690       0x18 C:/devkitPro/libctru/lib\libctru.a(synchronization.o)
                0x00106690                __sync_fini
 .text.syncArbitrateAddress
                0x001066a8       0x2c C:/devkitPro/libctru/lib\libctru.a(synchronization.o)
                0x001066a8                syncArbitrateAddress
 .text.LightLock_Lock
                0x001066d4       0xb0 C:/devkitPro/libctru/lib\libctru.a(synchronization.o)
                0x001066d4                LightLock_Lock
 .text.LightLock_Unlock
                0x00106784       0x40 C:/devkitPro/libctru/lib\libctru.a(synchronization.o)
                0x00106784                LightLock_Unlock
 .text.RecursiveLock_Lock
                0x001067c4       0x30 C:/devkitPro/libctru/lib\libctru.a(synchronization.o)
                0x001067c4                RecursiveLock_Lock
 .text.RecursiveLock_Unlock
                0x001067f4       0x54 C:/devkitPro/libctru/lib\libctru.a(synchronization.o)
                0x001067f4                RecursiveLock_Unlock
 .text.LightEvent_Init
                0x00106848       0x40 C:/devkitPro/libctru/lib\libctru.a(synchronization.o)
                0x00106848                LightEvent_Init
 .text.LightEvent_Clear
                0x00106888       0xa4 C:/devkitPro/libctru/lib\libctru.a(synchronization.o)
                0x00106888                LightEvent_Clear
 .text.LightEvent_Signal
                0x0010692c       0xc8 C:/devkitPro/libctru/lib\libctru.a(synchronization.o)
                0x0010692c                LightEvent_Signal
 .text.LightEvent_TryWait
                0x001069f4       0x50 C:/devkitPro/libctru/lib\libctru.a(synchronization.o)
                0x001069f4                LightEvent_TryWait
 .text.LightEvent_Wait
                0x00106a44       0xa0 C:/devkitPro/libctru/lib\libctru.a(synchronization.o)
                0x00106a44                LightEvent_Wait
 .text.threadCreate
                0x00106ae4      0x1d4 C:/devkitPro/libctru/lib\libctru.a(thread.o)
                0x00106ae4                threadCreate
 .text.threadFree
                0x00106cb8       0x2c C:/devkitPro/libctru/lib\libctru.a(thread.o)
                0x00106cb8                threadFree
 .text.threadJoin
                0x00106ce4       0x24 C:/devkitPro/libctru/lib\libctru.a(thread.o)
                0x00106ce4                threadJoin
 .text.threadGetCurrent
                0x00106d08       0x30 C:/devkitPro/libctru/lib\libctru.a(thread.o)
                0x00106d08                threadGetCurrent
 .text.threadExit
                0x00106d38       0x40 C:/devkitPro/libctru/lib\libctru.a(thread.o)
                0x00106d38                threadExit
 .text._thread_begin
                0x00106d78       0x20 C:/devkitPro/libctru/lib\libctru.a(thread.o)
 .text.mappableFindAddressWithin
                0x00106d98       0x90 C:/devkitPro/libctru/lib\libctru.a(mappable.o)
 .text.mappableInit
                0x00106e28       0x28 C:/devkitPro/libctru/lib\libctru.a(mappable.o)
                0x00106e28                mappableInit
 .text.mappableAlloc
                0x00106e50       0x80 C:/devkitPro/libctru/lib\libctru.a(mappable.o)
                0x00106e50                mappableAlloc
 .text.mappableFree
                0x00106ed0        0x4 C:/devkitPro/libctru/lib\libctru.a(mappable.o)
                0x00106ed0                mappableFree
 .text.ptmSysmInit
                0x00106ed4       0x74 C:/devkitPro/libctru/lib\libctru.a(ptmsysm.o)
                0x00106ed4                ptmSysmInit
 .text.ptmSysmExit
                0x00106f48       0x3c C:/devkitPro/libctru/lib\libctru.a(ptmsysm.o)
                0x00106f48                ptmSysmExit
 .text.PTMSYSM_ConfigureNew3DSCPU
                0x00106f84       0x34 C:/devkitPro/libctru/lib\libctru.a(ptmsysm.o)
                0x00106f84                PTMSYSM_ConfigureNew3DSCPU
 .text.srvPmGetSessionHandle
                0x00106fb8        0xc C:/devkitPro/libctru/lib\libctru.a(srvpm.o)
                0x00106fb8                srvPmGetSessionHandle
 .text.rbtree_find
                0x00106fc4       0x74 C:/devkitPro/libctru/lib\libctru.a(rbtree_find.o)
                0x00106fc4                rbtree_find
 .text.rbtree_init
                0x00107038       0x10 C:/devkitPro/libctru/lib\libctru.a(rbtree_init.o)
                0x00107038                rbtree_init
 .text.do_insert
                0x00107048      0x19c C:/devkitPro/libctru/lib\libctru.a(rbtree_insert.o)
 .text.rbtree_insert
                0x001071e4        0x8 C:/devkitPro/libctru/lib\libctru.a(rbtree_insert.o)
                0x001071e4                rbtree_insert
 .text.rbtree_remove
                0x001071ec      0x310 C:/devkitPro/libctru/lib\libctru.a(rbtree_remove.o)
                0x001071ec                rbtree_remove
 .text.rbtree_rotate
                0x001074fc       0x90 C:/devkitPro/libctru/lib\libctru.a(rbtree_rotate.o)
                0x001074fc                rbtree_rotate
 *fill*         0x0010758c        0x4 
 .text.__system_allocateHeaps
                0x00107590      0x1e0 C:/devkitPro/libctru/lib\libctru.a(allocateHeaps.o)
                0x00107590                __system_allocateHeaps
 .text.__appExit
                0x00107770       0x30 C:/devkitPro/libctru/lib\libctru.a(appExit.o)
                0x00107770                __appExit
 .text.__appInit
                0x001077a0       0x30 C:/devkitPro/libctru/lib\libctru.a(appInit.o)
                0x001077a0                __appInit
 .text.__libctru_exit
                0x001077d0       0x90 C:/devkitPro/libctru/lib\libctru.a(ctru_exit.o)
                0x001077d0                __libctru_exit
 .text.archive_link
                0x00107860       0x14 C:/devkitPro/libctru/lib\libctru.a(archive_dev.o)
 .text.archive_dirreset
                0x00107874       0x14 C:/devkitPro/libctru/lib\libctru.a(archive_dev.o)
 .text.archive_chmod
                0x00107888       0x14 C:/devkitPro/libctru/lib\libctru.a(archive_dev.o)
 .text.error_cmp
                0x0010789c       0x24 C:/devkitPro/libctru/lib\libctru.a(archive_dev.o)
 .text.archive_translate_error
                0x001078c0       0x50 C:/devkitPro/libctru/lib\libctru.a(archive_dev.o)
 .text.archive_seek
                0x00107910       0xc4 C:/devkitPro/libctru/lib\libctru.a(archive_dev.o)
 .text._archiveInit.part.0
                0x001079d4       0x78 C:/devkitPro/libctru/lib\libctru.a(archive_dev.o)
 .text.archiveFindDevice.part.0
                0x00107a4c       0xc4 C:/devkitPro/libctru/lib\libctru.a(archive_dev.o)
 .text.archive_utf16path
                0x00107b10      0x290 C:/devkitPro/libctru/lib\libctru.a(archive_dev.o)
 .text._archiveUnmountDeviceStruct.part.0
                0x00107da0       0x9c C:/devkitPro/libctru/lib\libctru.a(archive_dev.o)
 .text.archive_statvfs
                0x00107e3c       0x14 C:/devkitPro/libctru/lib\libctru.a(archive_dev.o)
 .text.archive_fchmod
                0x00107e50       0x14 C:/devkitPro/libctru/lib\libctru.a(archive_dev.o)
 .text._archiveMountDevice
                0x00107e64      0x168 C:/devkitPro/libctru/lib\libctru.a(archive_dev.o)
 .text.archive_diropen
                0x00107fcc       0xe8 C:/devkitPro/libctru/lib\libctru.a(archive_dev.o)
 .text.archive_fstat
                0x001080b4       0xa4 C:/devkitPro/libctru/lib\libctru.a(archive_dev.o)
 .text.archive_fsync
                0x00108158       0x6c C:/devkitPro/libctru/lib\libctru.a(archive_dev.o)
 .text.archive_close
                0x001081c4       0x6c C:/devkitPro/libctru/lib\libctru.a(archive_dev.o)
 .text.archive_dirclose
                0x00108230       0x70 C:/devkitPro/libctru/lib\libctru.a(archive_dev.o)
 .text.sdmc_statvfs
                0x001082a0       0xe4 C:/devkitPro/libctru/lib\libctru.a(archive_dev.o)
 .text.archive_chdir
                0x00108384       0xec C:/devkitPro/libctru/lib\libctru.a(archive_dev.o)
 .text.archive_ftruncate
                0x00108470       0x7c C:/devkitPro/libctru/lib\libctru.a(archive_dev.o)
 .text.archive_read
                0x001084ec       0xac C:/devkitPro/libctru/lib\libctru.a(archive_dev.o)
 .text.archive_unlink
                0x00108598       0xa4 C:/devkitPro/libctru/lib\libctru.a(archive_dev.o)
 .text.archive_rmdir
                0x0010863c       0xbc C:/devkitPro/libctru/lib\libctru.a(archive_dev.o)
 .text.archive_mkdir
                0x001086f8       0xdc C:/devkitPro/libctru/lib\libctru.a(archive_dev.o)
 .text.archive_stat
                0x001087d4      0x194 C:/devkitPro/libctru/lib\libctru.a(archive_dev.o)
 .text.archive_dirnext
                0x00108968      0x15c C:/devkitPro/libctru/lib\libctru.a(archive_dev.o)
 .text.archive_write
                0x00108ac4      0x124 C:/devkitPro/libctru/lib\libctru.a(archive_dev.o)
 .text.archive_open
                0x00108be8      0x210 C:/devkitPro/libctru/lib\libctru.a(archive_dev.o)
 .text.archive_rename
                0x00108df8      0x268 C:/devkitPro/libctru/lib\libctru.a(archive_dev.o)
 .text.archiveMountSdmc
                0x00109060      0x19c C:/devkitPro/libctru/lib\libctru.a(archive_dev.o)
                0x00109060                archiveMountSdmc
 .text.archiveUnmountAll
                0x001091fc       0x54 C:/devkitPro/libctru/lib\libctru.a(archive_dev.o)
                0x001091fc                archiveUnmountAll
 .text.fsInit   0x00109250       0xd0 C:/devkitPro/libctru/lib\libctru.a(fs.o)
                0x00109250                fsInit
 .text.fsExit   0x00109320       0x3c C:/devkitPro/libctru/lib\libctru.a(fs.o)
                0x00109320                fsExit
 .text.fsExemptFromSession
                0x0010935c       0x60 C:/devkitPro/libctru/lib\libctru.a(fs.o)
                0x0010935c                fsExemptFromSession
 .text.fsUnexemptFromSession
                0x001093bc       0x50 C:/devkitPro/libctru/lib\libctru.a(fs.o)
                0x001093bc                fsUnexemptFromSession
 .text.FSUSER_OpenFile
                0x0010940c       0xcc C:/devkitPro/libctru/lib\libctru.a(fs.o)
                0x0010940c                FSUSER_OpenFile
 .text.FSUSER_DeleteFile
                0x001094d8       0xbc C:/devkitPro/libctru/lib\libctru.a(fs.o)
                0x001094d8                FSUSER_DeleteFile
 .text.FSUSER_RenameFile
                0x00109594       0xf8 C:/devkitPro/libctru/lib\libctru.a(fs.o)
                0x00109594                FSUSER_RenameFile
 .text.FSUSER_DeleteDirectory
                0x0010968c       0xbc C:/devkitPro/libctru/lib\libctru.a(fs.o)
                0x0010968c                FSUSER_DeleteDirectory
 .text.FSUSER_CreateFile
                0x00109748       0xd4 C:/devkitPro/libctru/lib\libctru.a(fs.o)
                0x00109748                FSUSER_CreateFile
 .text.FSUSER_CreateDirectory
                0x0010981c       0xc4 C:/devkitPro/libctru/lib\libctru.a(fs.o)
                0x0010981c                FSUSER_CreateDirectory
 .text.FSUSER_RenameDirectory
                0x001098e0       0xf8 C:/devkitPro/libctru/lib\libctru.a(fs.o)
                0x001098e0                FSUSER_RenameDirectory
 .text.FSUSER_OpenDirectory
                0x001099d8       0xb4 C:/devkitPro/libctru/lib\libctru.a(fs.o)
                0x001099d8                FSUSER_OpenDirectory
 .text.FSUSER_OpenArchive
                0x00109a8c       0x94 C:/devkitPro/libctru/lib\libctru.a(fs.o)
                0x00109a8c                FSUSER_OpenArchive
 .text.FSUSER_CloseArchive
                0x00109b20       0x8c C:/devkitPro/libctru/lib\libctru.a(fs.o)
                0x00109b20                FSUSER_CloseArchive
 .text.FSUSER_GetSdmcArchiveResource
                0x00109bac       0x74 C:/devkitPro/libctru/lib\libctru.a(fs.o)
                0x00109bac                FSUSER_GetSdmcArchiveResource
 .text.FSUSER_IsSdmcWritable
                0x00109c20       0x64 C:/devkitPro/libctru/lib\libctru.a(fs.o)
                0x00109c20                FSUSER_IsSdmcWritable
 .text.FSFILE_Read
                0x00109c84       0x58 C:/devkitPro/libctru/lib\libctru.a(fs.o)
                0x00109c84                FSFILE_Read
 .text.FSFILE_Write
                0x00109cdc       0x60 C:/devkitPro/libctru/lib\libctru.a(fs.o)
                0x00109cdc                FSFILE_Write
 .text.FSFILE_GetSize
                0x00109d3c       0x38 C:/devkitPro/libctru/lib\libctru.a(fs.o)
                0x00109d3c                FSFILE_GetSize
 .text.FSFILE_SetSize
                0x00109d74       0x28 C:/devkitPro/libctru/lib\libctru.a(fs.o)
                0x00109d74                FSFILE_SetSize
 .text.FSFILE_Close
                0x00109d9c       0x3c C:/devkitPro/libctru/lib\libctru.a(fs.o)
                0x00109d9c                FSFILE_Close
 .text.FSFILE_Flush
                0x00109dd8       0x24 C:/devkitPro/libctru/lib\libctru.a(fs.o)
                0x00109dd8                FSFILE_Flush
 .text.FSDIR_Read
                0x00109dfc       0x50 C:/devkitPro/libctru/lib\libctru.a(fs.o)
                0x00109dfc                FSDIR_Read
 .text.FSDIR_Close
                0x00109e4c       0x3c C:/devkitPro/libctru/lib\libctru.a(fs.o)
                0x00109e4c                FSDIR_Close
 .text.rbtree_node_next
                0x00109e88       0x5c C:/devkitPro/libctru/lib\libctru.a(rbtree_iterator.o)
                0x00109e88                rbtree_node_next
 .text.decode_utf8
                0x00109ee4      0x13c C:/devkitPro/libctru/lib\libctru.a(decode_utf8.o)
                0x00109ee4                decode_utf8
 .text.utf16_to_utf8
                0x0010a020       0xe8 C:/devkitPro/libctru/lib\libctru.a(utf16_to_utf8.o)
                0x0010a020                utf16_to_utf8
 .text.utf8_to_utf16
                0x0010a108       0xc0 C:/devkitPro/libctru/lib\libctru.a(utf8_to_utf16.o)
                0x0010a108                utf8_to_utf16
 .text.__aeabi_read_tp
                0x0010a1c8        0xc C:/devkitPro/libctru/lib\libctru.a(readtp.o)
                0x0010a1c8                __aeabi_read_tp
 .text.decode_utf16
                0x0010a1d4       0x64 C:/devkitPro/libctru/lib\libctru.a(decode_utf16.o)
                0x0010a1d4                decode_utf16
 .text.encode_utf16
                0x0010a238       0x54 C:/devkitPro/libctru/lib\libctru.a(encode_utf16.o)
                0x0010a238                encode_utf16
 .text.encode_utf8
                0x0010a28c       0xe0 C:/devkitPro/libctru/lib\libctru.a(encode_utf8.o)
                0x0010a28c                encode_utf8
 .text.__udivmoddi4
                0x0010a36c      0x120 C:/devkitPro/devkitARM/bin/../lib/gcc/arm-none-eabi/14.2.0/armv6k/fpu\libgcc.a(_udivmoddi4.o)
                0x0010a36c                __udivmoddi4
 .text.strncmp  0x0010a48c       0xd8 C:/devkitPro/devkitARM/bin/../lib/gcc/arm-none-eabi/14.2.0/../../../../arm-none-eabi/lib/armv6k/fpu\libg.a(libc_a-strncmp.o)
                0x0010a48c                strncmp
 .text.strlen   0x0010a564       0x5c C:/devkitPro/devkitARM/bin/../lib/gcc/arm-none-eabi/14.2.0/../../../../arm-none-eabi/lib/armv6k/fpu\libg.a(libc_a-strlen-stub.o)
                0x0010a564                strlen
 .text._strtoul_l.isra.0
                0x0010a5c0      0x1e4 C:/devkitPro/devkitARM/bin/../lib/gcc/arm-none-eabi/14.2.0/../../../../arm-none-eabi/lib/armv6k/fpu\libg.a(libc_a-strtoul.o)
 .text.strtoul  0x0010a7a4       0x34 C:/devkitPro/devkitARM/bin/../lib/gcc/arm-none-eabi/14.2.0/../../../../arm-none-eabi/lib/armv6k/fpu\libg.a(libc_a-strtoul.o)
                0x0010a7a4                strtoul
 .text.strncat  0x0010a7d8       0xe4 C:/devkitPro/devkitARM/bin/../lib/gcc/arm-none-eabi/14.2.0/../../../../arm-none-eabi/lib/armv6k/fpu\libg.a(libc_a-strncat.o)
                0x0010a7d8                strncat
 .text.bsearch  0x0010a8bc       0x78 C:/devkitPro/devkitARM/bin/../lib/gcc/arm-none-eabi/14.2.0/../../../../arm-none-eabi/lib/armv6k/fpu\libg.a(libc_a-bsearch.o)
                0x0010a8bc                bsearch
 .text.memalign
                0x0010a934       0x20 C:/devkitPro/devkitARM/bin/../lib/gcc/arm-none-eabi/14.2.0/../../../../arm-none-eabi/lib/armv6k/fpu\libg.a(libc_a-malign.o)
                0x0010a934                memalign
 .text.stdio_exit_handler
                0x0010a954       0x1c C:/devkitPro/devkitARM/bin/../lib/gcc/arm-none-eabi/14.2.0/../../../../arm-none-eabi/lib/armv6k/fpu\libg.a(libc_a-findfp.o)
 .text.cleanup_stdio
                0x0010a970       0x5c C:/devkitPro/devkitARM/bin/../lib/gcc/arm-none-eabi/14.2.0/../../../../arm-none-eabi/lib/armv6k/fpu\libg.a(libc_a-findfp.o)
 .text.global_stdio_init.part.0
                0x0010a9cc      0x154 C:/devkitPro/devkitARM/bin/../lib/gcc/arm-none-eabi/14.2.0/../../../../arm-none-eabi/lib/armv6k/fpu\libg.a(libc_a-findfp.o)
 .text.__sinit  0x0010ab20       0x5c C:/devkitPro/devkitARM/bin/../lib/gcc/arm-none-eabi/14.2.0/../../../../arm-none-eabi/lib/armv6k/fpu\libg.a(libc_a-findfp.o)
                0x0010ab20                __sinit
 .text.__sfp_lock_acquire
                0x0010ab7c        0xc C:/devkitPro/devkitARM/bin/../lib/gcc/arm-none-eabi/14.2.0/../../../../arm-none-eabi/lib/armv6k/fpu\libg.a(libc_a-findfp.o)
                0x0010ab7c                __sfp_lock_acquire
 .text.__sfp_lock_release
                0x0010ab88        0xc C:/devkitPro/devkitARM/bin/../lib/gcc/arm-none-eabi/14.2.0/../../../../arm-none-eabi/lib/armv6k/fpu\libg.a(libc_a-findfp.o)
                0x0010ab88                __sfp_lock_release
 .text._malloc_r
                0x0010ab94      0x7e8 C:/devkitPro/devkitARM/bin/../lib/gcc/arm-none-eabi/14.2.0/../../../../arm-none-eabi/lib/armv6k/fpu\libg.a(libc_a-mallocr.o)
                0x0010ab94                _malloc_r
 .text._malloc_trim_r
                0x0010b37c       0xf8 C:/devkitPro/devkitARM/bin/../lib/gcc/arm-none-eabi/14.2.0/../../../../arm-none-eabi/lib/armv6k/fpu\libg.a(libc_a-freer.o)
                0x0010b37c                _malloc_trim_r
 .text._free_r  0x0010b474      0x300 C:/devkitPro/devkitARM/bin/../lib/gcc/arm-none-eabi/14.2.0/../../../../arm-none-eabi/lib/armv6k/fpu\libg.a(libc_a-freer.o)
                0x0010b474                _free_r
 .text.setvbuf  0x0010b774      0x294 C:/devkitPro/devkitARM/bin/../lib/gcc/arm-none-eabi/14.2.0/../../../../arm-none-eabi/lib/armv6k/fpu\libg.a(libc_a-setvbuf.o)
                0x0010b774                setvbuf
 .text.strnlen  0x0010ba08       0x4c C:/devkitPro/devkitARM/bin/../lib/gcc/arm-none-eabi/14.2.0/../../../../arm-none-eabi/lib/armv6k/fpu\libg.a(libc_a-strnlen.o)
                0x0010ba08                strnlen
 .text.__errno  0x0010ba54        0xc C:/devkitPro/devkitARM/bin/../lib/gcc/arm-none-eabi/14.2.0/../../../../arm-none-eabi/lib/armv6k/fpu\libg.a(libc_a-errno.o)
                0x0010ba54                __errno
 .text.malloc   0x0010ba60       0x34 C:/devkitPro/devkitARM/bin/../lib/gcc/arm-none-eabi/14.2.0/../../../../arm-none-eabi/lib/armv6k/fpu\libg.a(libc_a-malloc.o)
                0x0010ba60                malloc
 .text.free     0x0010ba94       0x18 C:/devkitPro/devkitARM/bin/../lib/gcc/arm-none-eabi/14.2.0/../../../../arm-none-eabi/lib/armv6k/fpu\libg.a(libc_a-malloc.o)
                0x0010ba94                free
 .text.memcpy   0x0010baac      0x130 C:/devkitPro/devkitARM/bin/../lib/gcc/arm-none-eabi/14.2.0/../../../../arm-none-eabi/lib/armv6k/fpu\libg.a(libc_a-memcpy-stub.o)
                0x0010baac                memcpy
 .text.printf   0x0010bbdc       0x34 C:/devkitPro/devkitARM/bin/../lib/gcc/arm-none-eabi/14.2.0/../../../../arm-none-eabi/lib/armv6k/fpu\libg.a(libc_a-printf.o)
                0x0010bbdc                printf
 .text._puts_r  0x0010bc10       0xe0 C:/devkitPro/devkitARM/bin/../lib/gcc/arm-none-eabi/14.2.0/../../../../arm-none-eabi/lib/armv6k/fpu\libg.a(libc_a-puts.o)
                0x0010bc10                _puts_r
 .text.puts     0x0010bcf0       0x18 C:/devkitPro/devkitARM/bin/../lib/gcc/arm-none-eabi/14.2.0/../../../../arm-none-eabi/lib/armv6k/fpu\libg.a(libc_a-puts.o)
                0x0010bcf0                puts
 .text.memset   0x0010bd08       0xe8 C:/devkitPro/devkitARM/bin/../lib/gcc/arm-none-eabi/14.2.0/../../../../arm-none-eabi/lib/armv6k/fpu\libg.a(libc_a-memset.o)
                0x0010bd08                memset
 .text._fwalk_sglue
                0x0010bdf0       0x70 C:/devkitPro/devkitARM/bin/../lib/gcc/arm-none-eabi/14.2.0/../../../../arm-none-eabi/lib/armv6k/fpu\libg.a(libc_a-fwalk.o)
                0x0010bdf0                _fwalk_sglue
 .text.__malloc_lock
                0x0010be60        0xc C:/devkitPro/devkitARM/bin/../lib/gcc/arm-none-eabi/14.2.0/../../../../arm-none-eabi/lib/armv6k/fpu\libg.a(libc_a-mlock.o)
                0x0010be60                __malloc_lock
 .text.__malloc_unlock
                0x0010be6c        0xc C:/devkitPro/devkitARM/bin/../lib/gcc/arm-none-eabi/14.2.0/../../../../arm-none-eabi/lib/armv6k/fpu\libg.a(libc_a-mlock.o)
                0x0010be6c                __malloc_unlock
 .text.__call_exitprocs
                0x0010be78        0x4 C:/devkitPro/devkitARM/bin/../lib/gcc/arm-none-eabi/14.2.0/../../../../arm-none-eabi/lib/armv6k/fpu\libg.a(libc_a-exit.o)
                0x0010be78                __call_exitprocs
 .text.exit     0x0010be7c       0x30 C:/devkitPro/devkitARM/bin/../lib/gcc/arm-none-eabi/14.2.0/../../../../arm-none-eabi/lib/armv6k/fpu\libg.a(libc_a-exit.o)
                0x0010be7c                exit
 .text.snprintf
                0x0010beac       0xd4 C:/devkitPro/devkitARM/bin/../lib/gcc/arm-none-eabi/14.2.0/../../../../arm-none-eabi/lib/armv6k/fpu\libg.a(libc_a-snprintf.o)
                0x0010beac                snprintf
 .text.strncpy  0x0010bf80       0xc4 C:/devkitPro/devkitARM/bin/../lib/gcc/arm-none-eabi/14.2.0/../../../../arm-none-eabi/lib/armv6k/fpu\libg.a(libc_a-strncpy.o)
                0x0010bf80                strncpy
 .text.__libc_init_array
                0x0010c044       0x84 C:/devkitPro/devkitARM/bin/../lib/gcc/arm-none-eabi/14.2.0/../../../../arm-none-eabi/lib/armv6k/fpu\libg.a(libc_a-init.o)
                0x0010c044                __libc_init_array
 .text.__sflush_r
                0x0010c0c8      0x228 C:/devkitPro/devkitARM/bin/../lib/gcc/arm-none-eabi/14.2.0/../../../../arm-none-eabi/lib/armv6k/fpu\libg.a(libc_a-fflush.o)
                0x0010c0c8                __sflush_r
 .text._fflush_r
                0x0010c2f0       0x94 C:/devkitPro/devkitARM/bin/../lib/gcc/arm-none-eabi/14.2.0/../../../../arm-none-eabi/lib/armv6k/fpu\libg.a(libc_a-fflush.o)
                0x0010c2f0                _fflush_r
 .text.__sfvwrite_r
                0x0010c384      0x480 C:/devkitPro/devkitARM/bin/../lib/gcc/arm-none-eabi/14.2.0/../../../../arm-none-eabi/lib/armv6k/fpu\libg.a(libc_a-fvwrite.o)
                0x0010c384                __sfvwrite_r
 .text._memalign_r
                0x0010c804      0x150 C:/devkitPro/devkitARM/bin/../lib/gcc/arm-none-eabi/14.2.0/../../../../arm-none-eabi/lib/armv6k/fpu\libg.a(libc_a-malignr.o)
                0x0010c804                _memalign_r
 .text.memchr   0x0010c954       0xe0 C:/devkitPro/devkitARM/bin/../lib/gcc/arm-none-eabi/14.2.0/../../../../arm-none-eabi/lib/armv6k/fpu\libg.a(libc_a-memchr-stub.o)
                0x0010c954                memchr
 .text.__libc_fini_array
                0x0010ca34       0x3c C:/devkitPro/devkitARM/bin/../lib/gcc/arm-none-eabi/14.2.0/../../../../arm-none-eabi/lib/armv6k/fpu\libg.a(libc_a-fini.o)
                0x0010ca34                __libc_fini_array
 .text.__sread  0x0010ca70       0x44 C:/devkitPro/devkitARM/bin/../lib/gcc/arm-none-eabi/14.2.0/../../../../arm-none-eabi/lib/armv6k/fpu\libg.a(libc_a-stdio.o)
                0x0010ca70                __sread
 .text.__swrite
                0x0010cab4       0x68 C:/devkitPro/devkitARM/bin/../lib/gcc/arm-none-eabi/14.2.0/../../../../arm-none-eabi/lib/armv6k/fpu\libg.a(libc_a-stdio.o)
                0x0010cab4                __swrite
 .text.__sseek  0x0010cb1c       0x40 C:/devkitPro/devkitARM/bin/../lib/gcc/arm-none-eabi/14.2.0/../../../../arm-none-eabi/lib/armv6k/fpu\libg.a(libc_a-stdio.o)
                0x0010cb1c                __sseek
 .text.__sclose
                0x0010cb5c        0x8 C:/devkitPro/devkitARM/bin/../lib/gcc/arm-none-eabi/14.2.0/../../../../arm-none-eabi/lib/armv6k/fpu\libg.a(libc_a-stdio.o)
                0x0010cb5c                __sclose
 .text._fclose_r
                0x0010cb64      0x148 C:/devkitPro/devkitARM/bin/../lib/gcc/arm-none-eabi/14.2.0/../../../../arm-none-eabi/lib/armv6k/fpu\libg.a(libc_a-fclose.o)
                0x0010cb64                _fclose_r
 .text.get_arg  0x0010ccac      0x5e4 C:/devkitPro/devkitARM/bin/../lib/gcc/arm-none-eabi/14.2.0/../../../../arm-none-eabi/lib/armv6k/fpu\libg.a(libc_a-vfprintf.o)
 .text._vfprintf_r
                0x0010d290     0x342c C:/devkitPro/devkitARM/bin/../lib/gcc/arm-none-eabi/14.2.0/../../../../arm-none-eabi/lib/armv6k/fpu\libg.a(libc_a-vfprintf.o)
                0x0010d290                _vfprintf_r
 .text.__sbprintf
                0x001106bc       0xb8 C:/devkitPro/devkitARM/bin/../lib/gcc/arm-none-eabi/14.2.0/../../../../arm-none-eabi/lib/armv6k/fpu\libg.a(libc_a-vfprintf.o)
 .text.__smakebuf_r
                0x00110774      0x144 C:/devkitPro/devkitARM/bin/../lib/gcc/arm-none-eabi/14.2.0/../../../../arm-none-eabi/lib/armv6k/fpu\libg.a(libc_a-makebuf.o)
                0x00110774                __smakebuf_r
 .text.__swhatbuf_r
                0x001108b8       0x8c C:/devkitPro/devkitARM/bin/../lib/gcc/arm-none-eabi/14.2.0/../../../../arm-none-eabi/lib/armv6k/fpu\libg.a(libc_a-makebuf.o)
                0x001108b8                __swhatbuf_r
 .text.quorem   0x00110944      0x1b4 C:/devkitPro/devkitARM/bin/../lib/gcc/arm-none-eabi/14.2.0/../../../../arm-none-eabi/lib/armv6k/fpu\libg.a(libc_a-dtoa.o)
 .text._dtoa_r  0x00110af8     0x1370 C:/devkitPro/devkitARM/bin/../lib/gcc/arm-none-eabi/14.2.0/../../../../arm-none-eabi/lib/armv6k/fpu\libg.a(libc_a-dtoa.o)
                0x00110af8                _dtoa_r
 .text._wcrtomb_r
                0x00111e68       0xa0 C:/devkitPro/devkitARM/bin/../lib/gcc/arm-none-eabi/14.2.0/../../../../arm-none-eabi/lib/armv6k/fpu\libg.a(libc_a-wcrtomb.o)
                0x00111e68                _wcrtomb_r
 .text.get_arg  0x00111f08      0x5e4 C:/devkitPro/devkitARM/bin/../lib/gcc/arm-none-eabi/14.2.0/../../../../arm-none-eabi/lib/armv6k/fpu\libg.a(libc_a-svfprintf.o)
 *fill*         0x001124ec        0x4 
 .text._svfprintf_r
                0x001124f0     0x335c C:/devkitPro/devkitARM/bin/../lib/gcc/arm-none-eabi/14.2.0/../../../../arm-none-eabi/lib/armv6k/fpu\libg.a(libc_a-svfprintf.o)
                0x001124f0                _svfprintf_r
 .text._realloc_r
                0x0011584c      0x4a4 C:/devkitPro/devkitARM/bin/../lib/gcc/arm-none-eabi/14.2.0/../../../../arm-none-eabi/lib/armv6k/fpu\libg.a(libc_a-reallocr.o)
                0x0011584c                _realloc_r
 .text._wcsrtombs_r
                0x00115cf0       0x28 C:/devkitPro/devkitARM/bin/../lib/gcc/arm-none-eabi/14.2.0/../../../../arm-none-eabi/lib/armv6k/fpu\libg.a(libc_a-wcsrtombs.o)
                0x00115cf0                _wcsrtombs_r
 .text.__swsetup_r
                0x00115d18      0x194 C:/devkitPro/devkitARM/bin/../lib/gcc/arm-none-eabi/14.2.0/../../../../arm-none-eabi/lib/armv6k/fpu\libg.a(libc_a-wsetup.o)
                0x00115d18                __swsetup_r
 *fill*         0x00115eac        0x4 
 .text.frexp    0x00115eb0       0x88 C:/devkitPro/devkitARM/bin/../lib/gcc/arm-none-eabi/14.2.0/../../../../arm-none-eabi/lib/armv6k/fpu\libg.a(libm_a-s_frexp.o)
                0x00115eb0                frexp
 .text.memmove  0x00115f38      0x160 C:/devkitPro/devkitARM/bin/../lib/gcc/arm-none-eabi/14.2.0/../../../../arm-none-eabi/lib/armv6k/fpu\libg.a(libc_a-memmove.o)
                0x00115f38                memmove
 .text.__assert_func
                0x00116098       0x5c C:/devkitPro/devkitARM/bin/../lib/gcc/arm-none-eabi/14.2.0/../../../../arm-none-eabi/lib/armv6k/fpu\libg.a(libc_a-assert.o)
                0x00116098                __assert_func
 .text._Balloc  0x001160f4       0x88 C:/devkitPro/devkitARM/bin/../lib/gcc/arm-none-eabi/14.2.0/../../../../arm-none-eabi/lib/armv6k/fpu\libg.a(libc_a-mprec.o)
                0x001160f4                _Balloc
 .text._Bfree   0x0011617c       0x1c C:/devkitPro/devkitARM/bin/../lib/gcc/arm-none-eabi/14.2.0/../../../../arm-none-eabi/lib/armv6k/fpu\libg.a(libc_a-mprec.o)
                0x0011617c                _Bfree
 .text.__multadd
                0x00116198       0xf4 C:/devkitPro/devkitARM/bin/../lib/gcc/arm-none-eabi/14.2.0/../../../../arm-none-eabi/lib/armv6k/fpu\libg.a(libc_a-mprec.o)
                0x00116198                __multadd
 .text.__hi0bits
                0x0011628c       0x80 C:/devkitPro/devkitARM/bin/../lib/gcc/arm-none-eabi/14.2.0/../../../../arm-none-eabi/lib/armv6k/fpu\libg.a(libc_a-mprec.o)
                0x0011628c                __hi0bits
 .text.__lo0bits
                0x0011630c       0xf4 C:/devkitPro/devkitARM/bin/../lib/gcc/arm-none-eabi/14.2.0/../../../../arm-none-eabi/lib/armv6k/fpu\libg.a(libc_a-mprec.o)
                0x0011630c                __lo0bits
 .text.__i2b    0x00116400       0xa4 C:/devkitPro/devkitARM/bin/../lib/gcc/arm-none-eabi/14.2.0/../../../../arm-none-eabi/lib/armv6k/fpu\libg.a(libc_a-mprec.o)
                0x00116400                __i2b
 .text.__multiply
                0x001164a4      0x208 C:/devkitPro/devkitARM/bin/../lib/gcc/arm-none-eabi/14.2.0/../../../../arm-none-eabi/lib/armv6k/fpu\libg.a(libc_a-mprec.o)
                0x001164a4                __multiply
 .text.__pow5mult
                0x001166ac      0x130 C:/devkitPro/devkitARM/bin/../lib/gcc/arm-none-eabi/14.2.0/../../../../arm-none-eabi/lib/armv6k/fpu\libg.a(libc_a-mprec.o)
                0x001166ac                __pow5mult
 .text.__lshift
                0x001167dc      0x138 C:/devkitPro/devkitARM/bin/../lib/gcc/arm-none-eabi/14.2.0/../../../../arm-none-eabi/lib/armv6k/fpu\libg.a(libc_a-mprec.o)
                0x001167dc                __lshift
 .text.__mcmp   0x00116914       0x58 C:/devkitPro/devkitARM/bin/../lib/gcc/arm-none-eabi/14.2.0/../../../../arm-none-eabi/lib/armv6k/fpu\libg.a(libc_a-mprec.o)
                0x00116914                __mcmp
 .text.__mdiff  0x0011696c      0x1f0 C:/devkitPro/devkitARM/bin/../lib/gcc/arm-none-eabi/14.2.0/../../../../arm-none-eabi/lib/armv6k/fpu\libg.a(libc_a-mprec.o)
                0x0011696c                __mdiff
 .text.__d2b    0x00116b5c      0x120 C:/devkitPro/devkitARM/bin/../lib/gcc/arm-none-eabi/14.2.0/../../../../arm-none-eabi/lib/armv6k/fpu\libg.a(libc_a-mprec.o)
                0x00116b5c                __d2b
 .text.__locale_mb_cur_max
                0x00116c7c       0x24 C:/devkitPro/devkitARM/bin/../lib/gcc/arm-none-eabi/14.2.0/../../../../arm-none-eabi/lib/armv6k/fpu\libg.a(libc_a-locale.o)
                0x00116c7c                __locale_mb_cur_max
 .text.__ssprint_r
                0x00116ca0       0xa4 C:/devkitPro/devkitARM/bin/../lib/gcc/arm-none-eabi/14.2.0/../../../../arm-none-eabi/lib/armv6k/fpu\libg.a(libc_a-ssprint_r.o)
                0x00116ca0                __ssprint_r
 .text.fiprintf
                0x00116d44       0x3c C:/devkitPro/devkitARM/bin/../lib/gcc/arm-none-eabi/14.2.0/../../../../arm-none-eabi/lib/armv6k/fpu\libg.a(libc_a-fiprintf.o)
                0x00116d44                fiprintf
 .text._wcsnrtombs_l
                0x00116d80      0x160 C:/devkitPro/devkitARM/bin/../lib/gcc/arm-none-eabi/14.2.0/../../../../arm-none-eabi/lib/armv6k/fpu\libg.a(libc_a-wcsnrtombs.o)
                0x00116d80                _wcsnrtombs_l
 .text._wcsnrtombs_r
                0x00116ee0       0x64 C:/devkitPro/devkitARM/bin/../lib/gcc/arm-none-eabi/14.2.0/../../../../arm-none-eabi/lib/armv6k/fpu\libg.a(libc_a-wcsnrtombs.o)
                0x00116ee0                _wcsnrtombs_r
 .text.__utf8_mbtowc
                0x00116f44      0x324 C:/devkitPro/devkitARM/bin/../lib/gcc/arm-none-eabi/14.2.0/../../../../arm-none-eabi/lib/armv6k/fpu\libg.a(libc_a-mbtowc_r.o)
                0x00116f44                __utf8_mbtowc
 .text.__sprint_r
                0x00117268       0x30 C:/devkitPro/devkitARM/bin/../lib/gcc/arm-none-eabi/14.2.0/../../../../arm-none-eabi/lib/armv6k/fpu\libg.a(libc_a-sprint_r.o)
                0x00117268                __sprint_r
 .text.abort    0x00117298       0x14 C:/devkitPro/devkitARM/bin/../lib/gcc/arm-none-eabi/14.2.0/../../../../arm-none-eabi/lib/armv6k/fpu\libg.a(libc_a-abort.o)
                0x00117298                abort
 .text._localeconv_r
                0x001172ac       0x24 C:/devkitPro/devkitARM/bin/../lib/gcc/arm-none-eabi/14.2.0/../../../../arm-none-eabi/lib/armv6k/fpu\libg.a(libc_a-localeconv.o)
                0x001172ac                _localeconv_r
 .text._calloc_r
                0x001172d0       0xc0 C:/devkitPro/devkitARM/bin/../lib/gcc/arm-none-eabi/14.2.0/../../../../arm-none-eabi/lib/armv6k/fpu\libg.a(libc_a-callocr.o)
                0x001172d0                _calloc_r
 .text.__ssputs_r
                0x00117390      0x128 C:/devkitPro/devkitARM/bin/../lib/gcc/arm-none-eabi/14.2.0/../../../../arm-none-eabi/lib/armv6k/fpu\libg.a(libc_a-ssputs_r.o)
                0x00117390                __ssputs_r
 .text.__utf8_wctomb
                0x001174b8       0xf0 C:/devkitPro/devkitARM/bin/../lib/gcc/arm-none-eabi/14.2.0/../../../../arm-none-eabi/lib/armv6k/fpu\libg.a(libc_a-wctomb_r.o)
                0x001174b8                __utf8_wctomb
 .text.strchr   0x001175a8      0x130 C:/devkitPro/devkitARM/bin/../lib/gcc/arm-none-eabi/14.2.0/../../../../arm-none-eabi/lib/armv6k/fpu\libg.a(libc_a-strchr.o)
                0x001175a8                strchr
 .text._raise_r
                0x001176d8       0x90 C:/devkitPro/devkitARM/bin/../lib/gcc/arm-none-eabi/14.2.0/../../../../arm-none-eabi/lib/armv6k/fpu\libg.a(libc_a-signal.o)
                0x001176d8                _raise_r
 .text.raise    0x00117768       0x18 C:/devkitPro/devkitARM/bin/../lib/gcc/arm-none-eabi/14.2.0/../../../../arm-none-eabi/lib/armv6k/fpu\libg.a(libc_a-signal.o)
                0x00117768                raise
 .text.get_arg  0x00117780      0x5e4 C:/devkitPro/devkitARM/bin/../lib/gcc/arm-none-eabi/14.2.0/../../../../arm-none-eabi/lib/armv6k/fpu\libg.a(libc_a-vfiprintf.o)
 .text._vfiprintf_r
                0x00117d64     0x2264 C:/devkitPro/devkitARM/bin/../lib/gcc/arm-none-eabi/14.2.0/../../../../arm-none-eabi/lib/armv6k/fpu\libg.a(libc_a-vfiprintf.o)
                0x00117d64                _vfiprintf_r
 .text.__sbprintf
                0x00119fc8       0xb8 C:/devkitPro/devkitARM/bin/../lib/gcc/arm-none-eabi/14.2.0/../../../../arm-none-eabi/lib/armv6k/fpu\libg.a(libc_a-vfiprintf.o)
 .text._exit    0x0011a080       0x20 C:/devkitPro/devkitARM/bin/../lib/gcc/arm-none-eabi/14.2.0/../../../../arm-none-eabi/lib/armv6k/fpu\libsysbase.a(libsysbase_libsysbase_a-_exit.o)
                0x0011a080                _exit
 .text.chdir    0x0011a0a0      0x13c C:/devkitPro/devkitARM/bin/../lib/gcc/arm-none-eabi/14.2.0/../../../../arm-none-eabi/lib/armv6k/fpu\libsysbase.a(libsysbase_libsysbase_a-chdir.o)
                0x0011a0a0                chdir
 .text._concatenate_path
                0x0011a1dc      0x1cc C:/devkitPro/devkitARM/bin/../lib/gcc/arm-none-eabi/14.2.0/../../../../arm-none-eabi/lib/armv6k/fpu\libsysbase.a(libsysbase_libsysbase_a-concatenate.o)
                0x0011a1dc                _concatenate_path
 .text._fstat_r
                0x0011a3a8       0x88 C:/devkitPro/devkitARM/bin/../lib/gcc/arm-none-eabi/14.2.0/../../../../arm-none-eabi/lib/armv6k/fpu\libsysbase.a(libsysbase_libsysbase_a-fstat.o)
                0x0011a3a8                _fstat_r
 .text._getpid_r
                0x0011a430       0x14 C:/devkitPro/devkitARM/bin/../lib/gcc/arm-none-eabi/14.2.0/../../../../arm-none-eabi/lib/armv6k/fpu\libsysbase.a(libsysbase_libsysbase_a-getpid.o)
                0x0011a430                _getpid_r
 .text.__getreent
                0x0011a444       0x2c C:/devkitPro/devkitARM/bin/../lib/gcc/arm-none-eabi/14.2.0/../../../../arm-none-eabi/lib/armv6k/fpu\libsysbase.a(libsysbase_libsysbase_a-getreent.o)
                0x0011a444                __getreent
 .text.__get_handle
                0x0011a470       0x3c C:/devkitPro/devkitARM/bin/../lib/gcc/arm-none-eabi/14.2.0/../../../../arm-none-eabi/lib/armv6k/fpu\libsysbase.a(libsysbase_libsysbase_a-handle_manager.o)
                0x0011a470                __get_handle
 .text._close_r
                0x0011a4ac       0xf4 C:/devkitPro/devkitARM/bin/../lib/gcc/arm-none-eabi/14.2.0/../../../../arm-none-eabi/lib/armv6k/fpu\libsysbase.a(libsysbase_libsysbase_a-handle_manager.o)
                0x0011a4ac                _close_r
 .text.null_write
                0x0011a5a0        0x8 C:/devkitPro/devkitARM/bin/../lib/gcc/arm-none-eabi/14.2.0/../../../../arm-none-eabi/lib/armv6k/fpu\libsysbase.a(libsysbase_libsysbase_a-iosupport.o)
 .text.setDefaultDevice
                0x0011a5a8       0x18 C:/devkitPro/devkitARM/bin/../lib/gcc/arm-none-eabi/14.2.0/../../../../arm-none-eabi/lib/armv6k/fpu\libsysbase.a(libsysbase_libsysbase_a-iosupport.o)
                0x0011a5a8                setDefaultDevice
 .text.FindDevice
                0x0011a5c0       0xc8 C:/devkitPro/devkitARM/bin/../lib/gcc/arm-none-eabi/14.2.0/../../../../arm-none-eabi/lib/armv6k/fpu\libsysbase.a(libsysbase_libsysbase_a-iosupport.o)
                0x0011a5c0                FindDevice
 .text.RemoveDevice
                0x0011a688       0x28 C:/devkitPro/devkitARM/bin/../lib/gcc/arm-none-eabi/14.2.0/../../../../arm-none-eabi/lib/armv6k/fpu\libsysbase.a(libsysbase_libsysbase_a-iosupport.o)
                0x0011a688                RemoveDevice
 .text.AddDevice
                0x0011a6b0       0x98 C:/devkitPro/devkitARM/bin/../lib/gcc/arm-none-eabi/14.2.0/../../../../arm-none-eabi/lib/armv6k/fpu\libsysbase.a(libsysbase_libsysbase_a-iosupport.o)
                0x0011a6b0                AddDevice
 .text.GetDeviceOpTab
                0x0011a748       0x20 C:/devkitPro/devkitARM/bin/../lib/gcc/arm-none-eabi/14.2.0/../../../../arm-none-eabi/lib/armv6k/fpu\libsysbase.a(libsysbase_libsysbase_a-iosupport.o)
                0x0011a748                GetDeviceOpTab
 .text._isatty_r
                0x0011a768        0x8 C:/devkitPro/devkitARM/bin/../lib/gcc/arm-none-eabi/14.2.0/../../../../arm-none-eabi/lib/armv6k/fpu\libsysbase.a(libsysbase_libsysbase_a-isatty.o)
                0x0011a768                _isatty_r
 .text._kill_r  0x0011a770       0x14 C:/devkitPro/devkitARM/bin/../lib/gcc/arm-none-eabi/14.2.0/../../../../arm-none-eabi/lib/armv6k/fpu\libsysbase.a(libsysbase_libsysbase_a-kill.o)
                0x0011a770                _kill_r
 .text._lseek_r
                0x0011a784       0x8c C:/devkitPro/devkitARM/bin/../lib/gcc/arm-none-eabi/14.2.0/../../../../arm-none-eabi/lib/armv6k/fpu\libsysbase.a(libsysbase_libsysbase_a-lseek.o)
                0x0011a784                _lseek_r
 .text._read_r  0x0011a810       0x88 C:/devkitPro/devkitARM/bin/../lib/gcc/arm-none-eabi/14.2.0/../../../../arm-none-eabi/lib/armv6k/fpu\libsysbase.a(libsysbase_libsysbase_a-read.o)
                0x0011a810                _read_r
 .text._sbrk_r  0x0011a898       0x78 C:/devkitPro/devkitARM/bin/../lib/gcc/arm-none-eabi/14.2.0/../../../../arm-none-eabi/lib/armv6k/fpu\libsysbase.a(libsysbase_libsysbase_a-sbrk.o)
                0x0011a898                _sbrk_r
 .text.__libc_lock_acquire
                0x0011a910       0x1c C:/devkitPro/devkitARM/bin/../lib/gcc/arm-none-eabi/14.2.0/../../../../arm-none-eabi/lib/armv6k/fpu\libsysbase.a(libsysbase_libsysbase_a-syscall_support.o)
                0x0011a910                __libc_lock_acquire
 .text.__libc_lock_release
                0x0011a92c       0x1c C:/devkitPro/devkitARM/bin/../lib/gcc/arm-none-eabi/14.2.0/../../../../arm-none-eabi/lib/armv6k/fpu\libsysbase.a(libsysbase_libsysbase_a-syscall_support.o)
                0x0011a92c                __libc_lock_release
 .text.__libc_lock_acquire_recursive
                0x0011a948       0x1c C:/devkitPro/devkitARM/bin/../lib/gcc/arm-none-eabi/14.2.0/../../../../arm-none-eabi/lib/armv6k/fpu\libsysbase.a(libsysbase_libsysbase_a-syscall_support.o)
                0x0011a948                __libc_lock_acquire_recursive
 .text.__libc_lock_release_recursive
                0x0011a964       0x1c C:/devkitPro/devkitARM/bin/../lib/gcc/arm-none-eabi/14.2.0/../../../../arm-none-eabi/lib/armv6k/fpu\libsysbase.a(libsysbase_libsysbase_a-syscall_support.o)
                0x0011a964                __libc_lock_release_recursive
 .text._write_r
                0x0011a980       0x88 C:/devkitPro/devkitARM/bin/../lib/gcc/arm-none-eabi/14.2.0/../../../../arm-none-eabi/lib/armv6k/fpu\libsysbase.a(libsysbase_libsysbase_a-write.o)
                0x0011a980                _write_r
 .text.strrchr  0x0011aa08       0x48 C:/devkitPro/devkitARM/bin/../lib/gcc/arm-none-eabi/14.2.0/../../../../arm-none-eabi/lib/armv6k/fpu\libg.a(libc_a-strrchr.o)
                0x0011aa08                strrchr
 *(.glue_7)
 .glue_7        0x0011aa50        0x0 linker stubs
 *(.glue_7t)
 .glue_7t       0x0011aa50        0x0 linker stubs
 *(.stub)
 *(.gnu.warning)
 *(.gnu.linkonce.t*)
                0x0011aa50                        . = ALIGN (0x4)
 *(.fini)
 .fini          0x0011aa50        0xc C:/devkitPro/devkitARM/bin/../lib/gcc/arm-none-eabi/14.2.0/armv6k/fpu/crti.o
                0x0011aa50                _fini
 .fini          0x0011aa5c        0xc C:/devkitPro/devkitARM/bin/../lib/gcc/arm-none-eabi/14.2.0/armv6k/fpu/crtn.o
                0x0011aa68                        . = ALIGN (0x4)

.vfp11_veneer   0x0011aa68        0x0
 .vfp11_veneer  0x0011aa68        0x0 linker stubs

.v4_bx          0x0011aa68        0x0
 .v4_bx         0x0011aa68        0x0 linker stubs

.iplt           0x0011aa68        0x0
 .iplt          0x0011aa68        0x0 C:/devkitPro/devkitARM/bin/../lib/gcc/arm-none-eabi/14.2.0/../../../../arm-none-eabi/lib/armv6k/fpu/3dsx_crt0.o
                0x0011b000                        . = ALIGN (0x1000)

.rodata         0x0011b000     0x14f8
 *(.rodata)
 .rodata        0x0011b000        0xc C:/devkitPro/libctru/lib\libctru.a(archive_dev.o)
 *(.roda)
 *(.rodata.*)
 .rodata.str1.4
                0x0011b00c      0x2bc main.o
                                 0xe1 (size before relaxing)
 .rodata.consoleHandleColorEsc
                0x0011b2c8       0x6c C:/devkitPro/libctru/lib\libctru.a(console.o)
 .rodata.consolePrintChar
                0x0011b334        0x6 C:/devkitPro/libctru/lib\libctru.a(console.o)
 .rodata.con_write
                0x0011b33a       0x46 C:/devkitPro/libctru/lib\libctru.a(console.o)
 .rodata.str1.4
                0x0011b380       0x10 C:/devkitPro/libctru/lib\libctru.a(console.o)
 .rodata.dotab_stdout
                0x0011b380       0x80 C:/devkitPro/libctru/lib\libctru.a(console.o)
 .rodata.grayScale
                0x0011b400       0x18 C:/devkitPro/libctru/lib\libctru.a(console.o)
 .rodata.colorCube
                0x0011b418        0x6 C:/devkitPro/libctru/lib\libctru.a(console.o)
 *fill*         0x0011b41e        0x2 
 .rodata.colorTable
                0x0011b420       0x30 C:/devkitPro/libctru/lib\libctru.a(console.o)
 .rodata.aptSendCommand.str1.4
                0x0011b450       0x16 C:/devkitPro/libctru/lib\libctru.a(apt.o)
 .rodata.aptEventHandler
                0x0011b450        0xb C:/devkitPro/libctru/lib\libctru.a(apt.o)
 .rodata.aptWaitForWakeUp.isra.0
                0x0011b45b       0x11 C:/devkitPro/libctru/lib\libctru.a(apt.o)
 .rodata.morton_y.2
                0x0011b46c        0x8 C:/devkitPro/libctru/lib\libctru.a(apt.o)
 .rodata.morton_x.3
                0x0011b474        0x8 C:/devkitPro/libctru/lib\libctru.a(apt.o)
 .rodata.s_sleepWakeEvents.4
                0x0011b47c        0x8 C:/devkitPro/libctru/lib\libctru.a(apt.o)
 .rodata.gspInit.str1.4
                0x0011b484        0x9 C:/devkitPro/libctru/lib\libctru.a(gspgpu.o)
 .rodata.hidInit.str1.4
                0x0011b484       0x15 C:/devkitPro/libctru/lib\libctru.a(hid.o)
 .rodata.irrstInit.str1.4
                0x0011b484        0x7 C:/devkitPro/libctru/lib\libctru.a(irrst.o)
 .rodata.__system_initArgv.str1.4
                0x0011b484        0xa C:/devkitPro/libctru/lib\libctru.a(initArgv.o)
 .rodata.default_font_bin
                0x0011b484      0x800 C:/devkitPro/libctru/lib\libctru.a(default_font.bin.o)
                0x0011b484                default_font_bin
                0x0011bc84                default_font_bin_end
 .rodata.srvInit.str1.4
                0x0011bc84        0x5 C:/devkitPro/libctru/lib\libctru.a(srv.o)
 .rodata.ptmSysmInit.str1.4
                0x0011bc84        0x9 C:/devkitPro/libctru/lib\libctru.a(ptmsysm.o)
 .rodata.archive_utf16path.str1.4
                0x0011bc84        0x2 C:/devkitPro/libctru/lib\libctru.a(archive_dev.o)
 .rodata._archiveUnmountDeviceStruct.part.0.str1.4
                0x0011bc84        0x2 C:/devkitPro/libctru/lib\libctru.a(archive_dev.o)
 .rodata._archiveMountDevice.str1.4
                0x0011bc84        0xc C:/devkitPro/libctru/lib\libctru.a(archive_dev.o)
 .rodata.archiveMountSdmc.str1.4
                0x0011bc84        0x5 C:/devkitPro/libctru/lib\libctru.a(archive_dev.o)
 .rodata.error_table
                0x0011bc84       0x30 C:/devkitPro/libctru/lib\libctru.a(archive_dev.o)
 .rodata.str1.4
                0x0011bcb4        0x8 C:/devkitPro/libctru/lib\libctru.a(archive_dev.o)
 .rodata.archive_devoptab
                0x0011bcb4       0x80 C:/devkitPro/libctru/lib\libctru.a(archive_dev.o)
 .rodata.fsInit.str1.4
                0x0011bd34        0x8 C:/devkitPro/libctru/lib\libctru.a(fs.o)
 .rodata._ctype_
                0x0011bd34      0x101 C:/devkitPro/devkitARM/bin/../lib/gcc/arm-none-eabi/14.2.0/../../../../arm-none-eabi/lib/armv6k/fpu\libg.a(libc_a-ctype_.o)
                0x0011bd34                _ctype_
 .rodata._puts_r.str1.4
                0x0011be35        0x2 C:/devkitPro/devkitARM/bin/../lib/gcc/arm-none-eabi/14.2.0/../../../../arm-none-eabi/lib/armv6k/fpu\libg.a(libc_a-puts.o)
 *fill*         0x0011be35        0x1 
 .rodata.get_arg
                0x0011be36       0x34 C:/devkitPro/devkitARM/bin/../lib/gcc/arm-none-eabi/14.2.0/../../../../arm-none-eabi/lib/armv6k/fpu\libg.a(libc_a-vfprintf.o)
 .rodata._vfprintf_r.str1.1
                0x0011be6a       0x3b C:/devkitPro/devkitARM/bin/../lib/gcc/arm-none-eabi/14.2.0/../../../../arm-none-eabi/lib/armv6k/fpu\libg.a(libc_a-vfprintf.o)
 *fill*         0x0011bea5        0x1 
 .rodata._vfprintf_r
                0x0011bea6       0xb6 C:/devkitPro/devkitARM/bin/../lib/gcc/arm-none-eabi/14.2.0/../../../../arm-none-eabi/lib/armv6k/fpu\libg.a(libc_a-vfprintf.o)
 .rodata.zeroes.0
                0x0011bf5c       0x10 C:/devkitPro/devkitARM/bin/../lib/gcc/arm-none-eabi/14.2.0/../../../../arm-none-eabi/lib/armv6k/fpu\libg.a(libc_a-vfprintf.o)
 .rodata.blanks.1
                0x0011bf6c       0x10 C:/devkitPro/devkitARM/bin/../lib/gcc/arm-none-eabi/14.2.0/../../../../arm-none-eabi/lib/armv6k/fpu\libg.a(libc_a-vfprintf.o)
 .rodata._dtoa_r.str1.4
                0x0011bf7c       0x6a C:/devkitPro/devkitARM/bin/../lib/gcc/arm-none-eabi/14.2.0/../../../../arm-none-eabi/lib/armv6k/fpu\libg.a(libc_a-dtoa.o)
 .rodata._dtoa_r
                0x0011bf7c        0x8 C:/devkitPro/devkitARM/bin/../lib/gcc/arm-none-eabi/14.2.0/../../../../arm-none-eabi/lib/armv6k/fpu\libg.a(libc_a-dtoa.o)
 .rodata.get_arg
                0x0011bf84       0x34 C:/devkitPro/devkitARM/bin/../lib/gcc/arm-none-eabi/14.2.0/../../../../arm-none-eabi/lib/armv6k/fpu\libg.a(libc_a-svfprintf.o)
 .rodata._svfprintf_r.str1.1
                0x0011bfb8       0x3b C:/devkitPro/devkitARM/bin/../lib/gcc/arm-none-eabi/14.2.0/../../../../arm-none-eabi/lib/armv6k/fpu\libg.a(libc_a-svfprintf.o)
 .rodata._svfprintf_r
                0x0011bfb8       0xb6 C:/devkitPro/devkitARM/bin/../lib/gcc/arm-none-eabi/14.2.0/../../../../arm-none-eabi/lib/armv6k/fpu\libg.a(libc_a-svfprintf.o)
 *fill*         0x0011c06e        0x2 
 .rodata.zeroes.0
                0x0011c070       0x10 C:/devkitPro/devkitARM/bin/../lib/gcc/arm-none-eabi/14.2.0/../../../../arm-none-eabi/lib/armv6k/fpu\libg.a(libc_a-svfprintf.o)
 .rodata.blanks.1
                0x0011c080       0x10 C:/devkitPro/devkitARM/bin/../lib/gcc/arm-none-eabi/14.2.0/../../../../arm-none-eabi/lib/armv6k/fpu\libg.a(libc_a-svfprintf.o)
 .rodata.__action_table
                0x0011c090       0x6c C:/devkitPro/devkitARM/bin/../lib/gcc/arm-none-eabi/14.2.0/../../../../arm-none-eabi/lib/armv6k/fpu\libg.a(libc_a-svfiprintf.o)
                0x0011c090                __action_table
 .rodata.__state_table
                0x0011c0fc       0x6c C:/devkitPro/devkitARM/bin/../lib/gcc/arm-none-eabi/14.2.0/../../../../arm-none-eabi/lib/armv6k/fpu\libg.a(libc_a-svfiprintf.o)
                0x0011c0fc                __state_table
 .rodata.__chclass
                0x0011c168      0x100 C:/devkitPro/devkitARM/bin/../lib/gcc/arm-none-eabi/14.2.0/../../../../arm-none-eabi/lib/armv6k/fpu\libg.a(libc_a-svfiprintf.o)
                0x0011c168                __chclass
 .rodata.__assert_func.str1.4
                0x0011c268       0x43 C:/devkitPro/devkitARM/bin/../lib/gcc/arm-none-eabi/14.2.0/../../../../arm-none-eabi/lib/armv6k/fpu\libg.a(libc_a-assert.o)
 .rodata.__multadd.str1.4
                0x0011c268       0x57 C:/devkitPro/devkitARM/bin/../lib/gcc/arm-none-eabi/14.2.0/../../../../arm-none-eabi/lib/armv6k/fpu\libg.a(libc_a-mprec.o)
 .rodata.p05.0  0x0011c268        0xc C:/devkitPro/devkitARM/bin/../lib/gcc/arm-none-eabi/14.2.0/../../../../arm-none-eabi/lib/armv6k/fpu\libg.a(libc_a-mprec.o)
 *fill*         0x0011c274        0x4 
 .rodata.__mprec_bigtens
                0x0011c278       0x28 C:/devkitPro/devkitARM/bin/../lib/gcc/arm-none-eabi/14.2.0/../../../../arm-none-eabi/lib/armv6k/fpu\libg.a(libc_a-mprec.o)
                0x0011c278                __mprec_bigtens
 .rodata.__mprec_tens
                0x0011c2a0       0xc8 C:/devkitPro/devkitARM/bin/../lib/gcc/arm-none-eabi/14.2.0/../../../../arm-none-eabi/lib/armv6k/fpu\libg.a(libc_a-mprec.o)
                0x0011c2a0                __mprec_tens
 .rodata.str1.4
                0x0011c368       0x4c C:/devkitPro/devkitARM/bin/../lib/gcc/arm-none-eabi/14.2.0/../../../../arm-none-eabi/lib/armv6k/fpu\libg.a(libc_a-locale.o)
 .rodata.get_arg
                0x0011c368       0x34 C:/devkitPro/devkitARM/bin/../lib/gcc/arm-none-eabi/14.2.0/../../../../arm-none-eabi/lib/armv6k/fpu\libg.a(libc_a-vfiprintf.o)
 .rodata._vfiprintf_r.str1.1
                0x0011c39c       0x29 C:/devkitPro/devkitARM/bin/../lib/gcc/arm-none-eabi/14.2.0/../../../../arm-none-eabi/lib/armv6k/fpu\libg.a(libc_a-vfiprintf.o)
 .rodata._vfiprintf_r
                0x0011c39c       0xb6 C:/devkitPro/devkitARM/bin/../lib/gcc/arm-none-eabi/14.2.0/../../../../arm-none-eabi/lib/armv6k/fpu\libg.a(libc_a-vfiprintf.o)
 *fill*         0x0011c452        0x2 
 .rodata.zeroes.0
                0x0011c454       0x10 C:/devkitPro/devkitARM/bin/../lib/gcc/arm-none-eabi/14.2.0/../../../../arm-none-eabi/lib/armv6k/fpu\libg.a(libc_a-vfiprintf.o)
 .rodata.blanks.1
                0x0011c464       0x10 C:/devkitPro/devkitARM/bin/../lib/gcc/arm-none-eabi/14.2.0/../../../../arm-none-eabi/lib/armv6k/fpu\libg.a(libc_a-vfiprintf.o)
 .rodata.AddDevice.str1.4
                0x0011c474        0x8 C:/devkitPro/devkitARM/bin/../lib/gcc/arm-none-eabi/14.2.0/../../../../arm-none-eabi/lib/armv6k/fpu\libsysbase.a(libsysbase_libsysbase_a-iosupport.o)
 .rodata.dotab_stdnull
                0x0011c474       0x80 C:/devkitPro/devkitARM/bin/../lib/gcc/arm-none-eabi/14.2.0/../../../../arm-none-eabi/lib/armv6k/fpu\libsysbase.a(libsysbase_libsysbase_a-iosupport.o)
                0x0011c474                dotab_stdnull
 *all.rodata*(*)
 *(.gnu.linkonce.r*)
                0x0011c4f4                        . = ALIGN (0x4)
                0x0011c4f4                        __tdata_align = .
                0x0011c4f4        0x4 LONG 0x4 ALIGNOF (.tdata)
                0x0011c4f8                        . = ALIGN (0x4)

.eh_frame       0x0011c4f8        0x0
 .eh_frame      0x0011c4f8        0x0 C:/devkitPro/devkitARM/bin/../lib/gcc/arm-none-eabi/14.2.0/armv6k/fpu/crtbegin.o

.rel.dyn        0x0011c4f8        0x0
 .rel.iplt      0x0011c4f8        0x0 C:/devkitPro/devkitARM/bin/../lib/gcc/arm-none-eabi/14.2.0/../../../../arm-none-eabi/lib/armv6k/fpu/3dsx_crt0.o
 .rel.got       0x0011c4f8        0x0 C:/devkitPro/devkitARM/bin/../lib/gcc/arm-none-eabi/14.2.0/../../../../arm-none-eabi/lib/armv6k/fpu/3dsx_crt0.o

.ARM.extab
 *(.ARM.extab* .gnu.linkonce.armextab.*)
                0x0011c4f8                        __exidx_start = .

.ARM.exidx
 *(.ARM.exidx* .gnu.linkonce.armexidx.*)
                0x0011c4f8                        __exidx_end = .
                0x0011d000                        . = ALIGN (0x1000)

.data           0x0011d000     0x1bcc
 *(.data)
 *(.data.*)
 .data.firstConsoleInit.0
                0x0011d000        0x1 C:/devkitPro/libctru/lib\libctru.a(console.o)
 *fill*         0x0011d001        0x3 
 .data.currentConsole
                0x0011d004        0x4 C:/devkitPro/libctru/lib\libctru.a(console.o)
                0x0011d004                currentConsole
 .data.defaultConsole
                0x0011d008       0x48 C:/devkitPro/libctru/lib\libctru.a(console.o)
                0x0011d008                defaultConsole
 .data.aptChainloadDeliverArgSize
                0x0011d050        0x4 C:/devkitPro/libctru/lib\libctru.a(apt.o)
 .data.kCount   0x0011d054        0x4 C:/devkitPro/libctru/lib\libctru.a(hid.o)
 .data.kInterval
                0x0011d058        0x4 C:/devkitPro/libctru/lib\libctru.a(hid.o)
 .data.kDelay   0x0011d05c        0x4 C:/devkitPro/libctru/lib\libctru.a(hid.o)
 .data.__stacksize__
                0x0011d060        0x4 C:/devkitPro/libctru/lib\libctru.a(stack_adjust.o)
                0x0011d060                __stacksize__
 .data._impure_ptr
                0x0011d064        0x4 C:/devkitPro/devkitARM/bin/../lib/gcc/arm-none-eabi/14.2.0/../../../../arm-none-eabi/lib/armv6k/fpu\libg.a(libc_a-impure.o)
                0x0011d064                _impure_ptr
 .data._impure_data
                0x0011d068      0x120 C:/devkitPro/devkitARM/bin/../lib/gcc/arm-none-eabi/14.2.0/../../../../arm-none-eabi/lib/armv6k/fpu\libg.a(libc_a-impure.o)
                0x0011d068                _impure_data
 .data.__sglue  0x0011d188        0xc C:/devkitPro/devkitARM/bin/../lib/gcc/arm-none-eabi/14.2.0/../../../../arm-none-eabi/lib/armv6k/fpu\libg.a(libc_a-findfp.o)
                0x0011d188                __sglue
 .data.__malloc_sbrk_base
                0x0011d194        0x4 C:/devkitPro/devkitARM/bin/../lib/gcc/arm-none-eabi/14.2.0/../../../../arm-none-eabi/lib/armv6k/fpu\libg.a(libc_a-mallocr.o)
                0x0011d194                __malloc_sbrk_base
 .data.__malloc_trim_threshold
                0x0011d198        0x4 C:/devkitPro/devkitARM/bin/../lib/gcc/arm-none-eabi/14.2.0/../../../../arm-none-eabi/lib/armv6k/fpu\libg.a(libc_a-mallocr.o)
                0x0011d198                __malloc_trim_threshold
 *fill*         0x0011d19c        0x4 
 .data.__malloc_av_
                0x0011d1a0      0x408 C:/devkitPro/devkitARM/bin/../lib/gcc/arm-none-eabi/14.2.0/../../../../arm-none-eabi/lib/armv6k/fpu\libg.a(libc_a-mallocr.o)
                0x0011d1a0                __malloc_av_
 .data.__global_locale
                0x0011d5a8      0x16c C:/devkitPro/devkitARM/bin/../lib/gcc/arm-none-eabi/14.2.0/../../../../arm-none-eabi/lib/armv6k/fpu\libg.a(libc_a-locale.o)
                0x0011d5a8                __global_locale
 .data._current_working_directory
                0x0011d714      0x400 C:/devkitPro/devkitARM/bin/../lib/gcc/arm-none-eabi/14.2.0/../../../../arm-none-eabi/lib/armv6k/fpu\libsysbase.a(libsysbase_libsysbase_a-chdir.o)
 *fill*         0x0011db14        0x4 
 .data.handles  0x0011db18     0x1000 C:/devkitPro/devkitARM/bin/../lib/gcc/arm-none-eabi/14.2.0/../../../../arm-none-eabi/lib/armv6k/fpu\libsysbase.a(libsysbase_libsysbase_a-handle_manager.o)
 .data.__stderr_handle
                0x0011eb18        0xc C:/devkitPro/devkitARM/bin/../lib/gcc/arm-none-eabi/14.2.0/../../../../arm-none-eabi/lib/armv6k/fpu\libsysbase.a(libsysbase_libsysbase_a-handle_manager.o)
 .data.__stdout_handle
                0x0011eb24        0xc C:/devkitPro/devkitARM/bin/../lib/gcc/arm-none-eabi/14.2.0/../../../../arm-none-eabi/lib/armv6k/fpu\libsysbase.a(libsysbase_libsysbase_a-handle_manager.o)
 .data.__stdin_handle
                0x0011eb30        0xc C:/devkitPro/devkitARM/bin/../lib/gcc/arm-none-eabi/14.2.0/../../../../arm-none-eabi/lib/armv6k/fpu\libsysbase.a(libsysbase_libsysbase_a-handle_manager.o)
 .data.devoptab_list
                0x0011eb3c       0x8c C:/devkitPro/devkitARM/bin/../lib/gcc/arm-none-eabi/14.2.0/../../../../arm-none-eabi/lib/armv6k/fpu\libsysbase.a(libsysbase_libsysbase_a-iosupport.o)
                0x0011eb3c                devoptab_list
 .data.defaultDevice
                0x0011ebc8        0x4 C:/devkitPro/devkitARM/bin/../lib/gcc/arm-none-eabi/14.2.0/../../../../arm-none-eabi/lib/armv6k/fpu\libsysbase.a(libsysbase_libsysbase_a-iosupport.o)
 *(.gnu.linkonce.d*)
                0x0011ebcc                        . = ALIGN (0x4)

.igot.plt       0x0011ebcc        0x0
 .igot.plt      0x0011ebcc        0x0 C:/devkitPro/devkitARM/bin/../lib/gcc/arm-none-eabi/14.2.0/../../../../arm-none-eabi/lib/armv6k/fpu/3dsx_crt0.o

.got            0x0011ebcc        0x8
 .got           0x0011ebcc        0x8 C:/devkitPro/devkitARM/bin/../lib/gcc/arm-none-eabi/14.2.0/../../../../arm-none-eabi/lib/armv6k/fpu/3dsx_crt0.o

.got.plt        0x0011ebd4        0xc
 .got.plt       0x0011ebd4        0xc C:/devkitPro/devkitARM/bin/../lib/gcc/arm-none-eabi/14.2.0/../../../../arm-none-eabi/lib/armv6k/fpu/3dsx_crt0.o
                0x0011ebd4                _GLOBAL_OFFSET_TABLE_

.tdata          0x0011ebe0        0x0
                0x0011ebe0                        __tdata_lma = .
 *(.tdata)
 *(.tdata.*)
 *(.gnu.linkonce.td.*)
                0x0011ebe0                        . = ALIGN (0x4)
                0x0011ebe0                        __tdata_lma_end = .

.tbss           0x0011ebe0      0xc08
 *(.tbss)
 *(.tbss.*)
 .tbss.__ctru_dev_utf16_buf
                0x0011ebe0      0x802 C:/devkitPro/libctru/lib\libctru.a(path_buf.o)
                0x0011ebe0                __ctru_dev_utf16_buf
 *fill*         0x0011f3e2        0x2 
 .tbss.__ctru_dev_path_buf
                0x0011f3e4      0x401 C:/devkitPro/libctru/lib\libctru.a(path_buf.o)
                0x0011f3e4                __ctru_dev_path_buf
 *(.gnu.linkonce.tb.*)
 *(.tcommon)
                0x0011f7e8                        . = ALIGN (0x4)
 *fill*         0x0011f7e5        0x3 

.preinit_array  0x0011ebe0        0x0
                0x0011ebe0                        PROVIDE (__preinit_array_start = .)
 *(.preinit_array)
                0x0011ebe0                        PROVIDE (__preinit_array_end = .)

.init_array     0x0011ebe0        0x4
                0x0011ebe0                        PROVIDE (__init_array_start = .)
 *(SORT_BY_NAME(.init_array.*))
 *(.init_array)
 .init_array    0x0011ebe0        0x4 C:/devkitPro/devkitARM/bin/../lib/gcc/arm-none-eabi/14.2.0/armv6k/fpu/crtbegin.o
                0x0011ebe4                        PROVIDE (__init_array_end = .)

.fini_array     0x0011ebe4        0x4
                0x0011ebe4                        PROVIDE (__fini_array_start = .)
 *(.fini_array)
 .fini_array    0x0011ebe4        0x4 C:/devkitPro/devkitARM/bin/../lib/gcc/arm-none-eabi/14.2.0/armv6k/fpu/crtbegin.o
 *(SORT_BY_NAME(.fini_array.*))
                0x0011ebe8                        PROVIDE (__fini_array_end = .)

.ctors
 *crtbegin.o(.ctors)
 *(EXCLUDE_FILE(*crtend.o) .ctors)
 *(SORT_BY_NAME(.ctors.*))
 *(.ctors)

.dtors
 *crtbegin.o(.dtors)
 *(EXCLUDE_FILE(*crtend.o) .dtors)
 *(SORT_BY_NAME(.dtors.*))
 *(.dtors)
                0x0011ebe8                        __bss_start__ = .

.bss            0x0011ebe8     0x2de4
 *(.dynbss)
 *(.bss)
 *(.bss.*)
 .bss.completed.1
                0x0011ebe8        0x1 C:/devkitPro/devkitARM/bin/../lib/gcc/arm-none-eabi/14.2.0/armv6k/fpu/crtbegin.o
 *fill*         0x0011ebe9        0x3 
 .bss.object.0  0x0011ebec       0x18 C:/devkitPro/devkitARM/bin/../lib/gcc/arm-none-eabi/14.2.0/armv6k/fpu/crtbegin.o
 .bss.escapeSeq
                0x0011ec04       0x1c C:/devkitPro/libctru/lib\libctru.a(console.o)
 .bss.currentCopy
                0x0011ec20       0x48 C:/devkitPro/libctru/lib\libctru.a(console.o)
                0x0011ec20                currentCopy
 .bss.screenAlloc
                0x0011ec68        0x4 C:/devkitPro/libctru/lib\libctru.a(gfx.o)
 .bss.screenFree
                0x0011ec6c        0x4 C:/devkitPro/libctru/lib\libctru.a(gfx.o)
 .bss.gfxIsDoubleBuf
                0x0011ec70        0x2 C:/devkitPro/libctru/lib\libctru.a(gfx.o)
 *fill*         0x0011ec72        0x2 
 .bss.gfxCurBuf
                0x0011ec74        0x2 C:/devkitPro/libctru/lib\libctru.a(gfx.o)
 .bss.gfxIsVram
                0x0011ec76        0x1 C:/devkitPro/libctru/lib\libctru.a(gfx.o)
 .bss.gfxTopMode
                0x0011ec77        0x1 C:/devkitPro/libctru/lib\libctru.a(gfx.o)
 .bss.gfxFramebufferFormats
                0x0011ec78        0x2 C:/devkitPro/libctru/lib\libctru.a(gfx.o)
 *fill*         0x0011ec7a        0x2 
 .bss.gfxBottomFramebufferMaxSize
                0x0011ec7c        0x4 C:/devkitPro/libctru/lib\libctru.a(gfx.o)
 .bss.gfxTopFramebufferMaxSize
                0x0011ec80        0x4 C:/devkitPro/libctru/lib\libctru.a(gfx.o)
 *fill*         0x0011ec84        0x4 
 .bss.gfxBottomFramebuffers
                0x0011ec88        0x8 C:/devkitPro/libctru/lib\libctru.a(gfx.o)
 .bss.gfxTopFramebuffers
                0x0011ec90        0x8 C:/devkitPro/libctru/lib\libctru.a(gfx.o)
 .bss.flagValue.0
                0x0011ec98        0x1 C:/devkitPro/libctru/lib\libctru.a(apt.o)
 .bss.flagInit.1
                0x0011ec99        0x1 C:/devkitPro/libctru/lib\libctru.a(apt.o)
 *fill*         0x0011ec9a        0x2 
 .bss.serviceName.6
                0x0011ec9c        0x4 C:/devkitPro/libctru/lib\libctru.a(apt.o)
 .bss.aptChainloadFlags
                0x0011eca0        0x1 C:/devkitPro/libctru/lib\libctru.a(apt.o)
 .bss.aptChainloadMediatype
                0x0011eca1        0x1 C:/devkitPro/libctru/lib\libctru.a(apt.o)
 *fill*         0x0011eca2        0x2 
 .bss.aptChainloadHmac
                0x0011eca4       0x20 C:/devkitPro/libctru/lib\libctru.a(apt.o)
 .bss.aptChainloadDeliverArg
                0x0011ecc4      0x300 C:/devkitPro/libctru/lib\libctru.a(apt.o)
 *fill*         0x0011efc4        0x4 
 .bss.aptChainloadTid
                0x0011efc8        0x8 C:/devkitPro/libctru/lib\libctru.a(apt.o)
 .bss.aptParameters
                0x0011efd0     0x1000 C:/devkitPro/libctru/lib\libctru.a(apt.o)
 .bss.aptFlags  0x0011ffd0        0x4 C:/devkitPro/libctru/lib\libctru.a(apt.o)
 .bss.aptHomeButtonState
                0x0011ffd4        0x1 C:/devkitPro/libctru/lib\libctru.a(apt.o)
 *fill*         0x0011ffd5        0x3 
 .bss.aptMessageFuncData
                0x0011ffd8        0x4 C:/devkitPro/libctru/lib\libctru.a(apt.o)
 .bss.aptMessageFunc
                0x0011ffdc        0x4 C:/devkitPro/libctru/lib\libctru.a(apt.o)
 .bss.aptFirstHook
                0x0011ffe0        0xc C:/devkitPro/libctru/lib\libctru.a(apt.o)
 .bss.aptEventHandlerThreadQuit
                0x0011ffec        0x1 C:/devkitPro/libctru/lib\libctru.a(apt.o)
 *fill*         0x0011ffed        0x3 
 .bss.aptEventHandlerThread
                0x0011fff0        0x4 C:/devkitPro/libctru/lib\libctru.a(apt.o)
 .bss.aptSleepEvent
                0x0011fff4        0x8 C:/devkitPro/libctru/lib\libctru.a(apt.o)
 .bss.aptReceiveEvent
                0x0011fffc        0x8 C:/devkitPro/libctru/lib\libctru.a(apt.o)
 .bss.aptEvents
                0x00120004        0x8 C:/devkitPro/libctru/lib\libctru.a(apt.o)
 .bss.aptLockHandle
                0x0012000c        0x4 C:/devkitPro/libctru/lib\libctru.a(apt.o)
 .bss.aptRefCount
                0x00120010        0x4 C:/devkitPro/libctru/lib\libctru.a(apt.o)
 .bss.gspEventCbOneShot
                0x00120014        0x7 C:/devkitPro/libctru/lib\libctru.a(gspgpu.o)
 *fill*         0x0012001b        0x1 
 .bss.gspEventCbData
                0x0012001c       0x1c C:/devkitPro/libctru/lib\libctru.a(gspgpu.o)
 .bss.gspEventCb
                0x00120038       0x1c C:/devkitPro/libctru/lib\libctru.a(gspgpu.o)
 .bss.gspEvents
                0x00120054       0x38 C:/devkitPro/libctru/lib\libctru.a(gspgpu.o)
 .bss.gspLastEvent
                0x0012008c        0x4 C:/devkitPro/libctru/lib\libctru.a(gspgpu.o)
 .bss.gspRunEvents
                0x00120090        0x1 C:/devkitPro/libctru/lib\libctru.a(gspgpu.o)
 *fill*         0x00120091        0x3 
 .bss.gspEventThread
                0x00120094        0x4 C:/devkitPro/libctru/lib\libctru.a(gspgpu.o)
 .bss.gspEvent  0x00120098        0x4 C:/devkitPro/libctru/lib\libctru.a(gspgpu.o)
 .bss.gspGpuRight
                0x0012009c        0x1 C:/devkitPro/libctru/lib\libctru.a(gspgpu.o)
 .bss.gspThreadId
                0x0012009d        0x1 C:/devkitPro/libctru/lib\libctru.a(gspgpu.o)
 *fill*         0x0012009e        0x2 
 .bss.gspSharedMem
                0x001200a0        0x4 C:/devkitPro/libctru/lib\libctru.a(gspgpu.o)
 .bss.gspSharedMemHandle
                0x001200a4        0x4 C:/devkitPro/libctru/lib\libctru.a(gspgpu.o)
 .bss.gspRefCount
                0x001200a8        0x4 C:/devkitPro/libctru/lib\libctru.a(gspgpu.o)
 .bss.gspGpuHandle
                0x001200ac        0x4 C:/devkitPro/libctru/lib\libctru.a(gspgpu.o)
 .bss.usingIrrst
                0x001200b0        0x1 C:/devkitPro/libctru/lib\libctru.a(hid.o)
 *fill*         0x001200b1        0x3 
 .bss.hidRefCount
                0x001200b4        0x4 C:/devkitPro/libctru/lib\libctru.a(hid.o)
 .bss.gRate     0x001200b8        0x6 C:/devkitPro/libctru/lib\libctru.a(hid.o)
 *fill*         0x001200be        0x2 
 .bss.aVec      0x001200c0        0x6 C:/devkitPro/libctru/lib\libctru.a(hid.o)
 *fill*         0x001200c6        0x2 
 .bss.cPos      0x001200c8        0x4 C:/devkitPro/libctru/lib\libctru.a(hid.o)
 .bss.tPos      0x001200cc        0x4 C:/devkitPro/libctru/lib\libctru.a(hid.o)
 .bss.kRepeat   0x001200d0        0x4 C:/devkitPro/libctru/lib\libctru.a(hid.o)
 .bss.kUp       0x001200d4        0x4 C:/devkitPro/libctru/lib\libctru.a(hid.o)
 .bss.kDown     0x001200d8        0x4 C:/devkitPro/libctru/lib\libctru.a(hid.o)
 .bss.kHeld     0x001200dc        0x4 C:/devkitPro/libctru/lib\libctru.a(hid.o)
 .bss.kOld      0x001200e0        0x4 C:/devkitPro/libctru/lib\libctru.a(hid.o)
 .bss.hidSharedMem
                0x001200e4        0x4 C:/devkitPro/libctru/lib\libctru.a(hid.o)
                0x001200e4                hidSharedMem
 .bss.hidEvents
                0x001200e8       0x14 C:/devkitPro/libctru/lib\libctru.a(hid.o)
                0x001200e8                hidEvents
 .bss.hidMemHandle
                0x001200fc        0x4 C:/devkitPro/libctru/lib\libctru.a(hid.o)
                0x001200fc                hidMemHandle
 .bss.hidHandle
                0x00120100        0x4 C:/devkitPro/libctru/lib\libctru.a(hid.o)
                0x00120100                hidHandle
 .bss.irrstRefCount
                0x00120104        0x4 C:/devkitPro/libctru/lib\libctru.a(irrst.o)
 .bss.csPos     0x00120108        0x4 C:/devkitPro/libctru/lib\libctru.a(irrst.o)
 .bss.kHeld     0x0012010c        0x4 C:/devkitPro/libctru/lib\libctru.a(irrst.o)
 .bss.irrstSharedMem
                0x00120110        0x4 C:/devkitPro/libctru/lib\libctru.a(irrst.o)
                0x00120110                irrstSharedMem
 .bss.irrstEvent
                0x00120114        0x4 C:/devkitPro/libctru/lib\libctru.a(irrst.o)
                0x00120114                irrstEvent
 .bss.irrstMemHandle
                0x00120118        0x4 C:/devkitPro/libctru/lib\libctru.a(irrst.o)
                0x00120118                irrstMemHandle
 .bss.irrstHandle
                0x0012011c        0x4 C:/devkitPro/libctru/lib\libctru.a(irrst.o)
                0x0012011c                irrstHandle
 .bss.__system_retAddr
                0x00120120        0x4 C:/devkitPro/libctru/lib\libctru.a(ctru_init.o)
                0x00120120                __system_retAddr
 .bss.__system_argv
                0x00120124        0x4 C:/devkitPro/libctru/lib\libctru.a(initArgv.o)
                0x00120124                __system_argv
 .bss.__system_argc
                0x00120128        0x4 C:/devkitPro/libctru/lib\libctru.a(initArgv.o)
                0x00120128                __system_argc
 .bss.saved_stack.42
                0x0012012c        0x8 C:/devkitPro/libctru/lib\libctru.a(stack_adjust.o)
 *fill*         0x00120134        0x4 
 .bss._ZL11sLinearPool
                0x00120138        0x8 C:/devkitPro/libctru/lib\libctru.a(linear.o)
 .bss._ZL8sAddrMap
                0x00120140        0xc C:/devkitPro/libctru/lib\libctru.a(linear.o)
 *fill*         0x0012014c        0x4 
 .bss._ZL10sVramPoolB
                0x00120150        0x8 C:/devkitPro/libctru/lib\libctru.a(vram.o)
 .bss._ZL10sVramPoolA
                0x00120158        0x8 C:/devkitPro/libctru/lib\libctru.a(vram.o)
 .bss._ZL8sAddrMap
                0x00120160        0xc C:/devkitPro/libctru/lib\libctru.a(vram.o)
 .bss.__3dslink_host
                0x0012016c        0x4 C:/devkitPro/libctru/lib\libctru.a(3dslink.o)
                0x0012016c                __3dslink_host
 .bss.__ctru_speedup
                0x00120170        0x1 C:/devkitPro/libctru/lib\libctru.a(os.o)
                0x00120170                __ctru_speedup
 *fill*         0x00120171        0x3 
 .bss.srvRefCount
                0x00120174        0x4 C:/devkitPro/libctru/lib\libctru.a(srv.o)
 .bss.srvHandle
                0x00120178        0x4 C:/devkitPro/libctru/lib\libctru.a(srv.o)
 .bss.arbiter   0x0012017c        0x4 C:/devkitPro/libctru/lib\libctru.a(synchronization.o)
 .bss.currentAddr
                0x00120180        0x4 C:/devkitPro/libctru/lib\libctru.a(mappable.o)